{"data":"{\"post_stream\":{\"posts\":[{\"id\":3223294,\"name\":\"joel truher\",\"username\":\"truher\",\"avatar_template\":\"/user_avatar/www.chiefdelphi.com/truher/{size}/172222_2.png\",\"created_at\":\"2023-08-06T05:13:33.224Z\",\"cooked\":\"\\u003cp\\u003ehey everybody,\\u003c/p\\u003e\\n\\u003cp\\u003eteam 100 has been struggling with memory issues recently, and so i’ve been looking into it.\\u003c/p\\u003e\\n\\u003cp\\u003eteam 100 is a java team.  there are several different symptoms; sometimes the JRE can’t mmap a chunk of memory; sometimes the error appears somewhere else, like it fails during GC, or it fails during instantiation.  i looked at the VM with JConsole, and didn’t find anything interesting.  one interesting thing about the failure is that it seems to survive deployments: once the roborio is “sick” the only thing that can cure it is a “reset” or power cycle.\\u003c/p\\u003e\\n\\u003cp\\u003eOne thing that seems to relate to the problem is the use of non-existent CAN devices, e.g. a motor controller that’s not actually connected.   this produces various error messages (e.g. “CAN frame not received” from CTRE and “CAN output buffer full” from REV).  are these errors perhaps leaking something in C+±land that JConsole can’t see?  are there tools I could use to see the memory in there?  does this sound like a familiar problem to anyone?\\u003c/p\\u003e\",\"post_number\":1,\"post_type\":1,\"posts_count\":24,\"updated_at\":\"2023-08-06T05:13:33.224Z\",\"reply_count\":0,\"reply_to_post_number\":null,\"quote_count\":0,\"incoming_link_count\":309,\"reads\":694,\"readers_count\":693,\"score\":1698.8,\"yours\":false,\"topic_id\":439549,\"topic_slug\":\"memory-leaks\",\"display_username\":\"joel truher\",\"primary_group_name\":null,\"flair_name\":null,\"flair_url\":null,\"flair_bg_color\":null,\"flair_color\":null,\"flair_group_id\":null,\"badges_granted\":[],\"version\":1,\"can_edit\":false,\"can_delete\":false,\"can_recover\":false,\"can_see_hidden_post\":true,\"can_wiki\":false,\"read\":true,\"user_title\":null,\"bookmarked\":false,\"actions_summary\":[{\"id\":2,\"count\":1}],\"moderator\":false,\"admin\":false,\"staff\":false,\"user_id\":53190,\"hidden\":false,\"trust_level\":2,\"deleted_at\":null,\"user_deleted\":false,\"edit_reason\":null,\"can_view_edit_history\":true,\"wiki\":false,\"user_custom_fields\":{\"user_field_4\":\"\"},\"post_url\":\"/t/memory-leaks/439549/1\",\"custom_user_title\":null,\"reactions\":[{\"id\":\"heart\",\"type\":\"emoji\",\"count\":1}],\"current_user_reaction\":null,\"reaction_users_count\":1,\"current_user_used_main_reaction\":false,\"can_accept_answer\":false,\"can_unaccept_answer\":false,\"accepted_answer\":false,\"topic_accepted_answer\":null,\"can_vote\":false},{\"id\":3223296,\"name\":\"Peter Johnson\",\"username\":\"Peter_Johnson\",\"avatar_template\":\"/user_avatar/www.chiefdelphi.com/peter_johnson/{size}/10417_2.png\",\"created_at\":\"2023-08-06T05:40:30.630Z\",\"cooked\":\"\\u003cp\\u003eSince it clears with a reboot, there’s a few different potential causes:\\u003c/p\\u003e\\n\\u003cul\\u003e\\n\\u003cli\\u003eLots of text output to stdout/stderr (eg CAN not found errors) can consume available memory until a reboot.  The console output is saved to a file in /var/log, and this is a memory backed filesystem on the Rio.  This is the most likely culprit if you know you have lots of console output.\\u003c/li\\u003e\\n\\u003cli\\u003eI have seen memory leaks at times in some of the built-in background processes, including the system web server and NetComm.  But this isn’t as common as the first one.\\u003c/li\\u003e\\n\\u003c/ul\\u003e\",\"post_number\":2,\"post_type\":1,\"posts_count\":24,\"updated_at\":\"2023-08-06T05:41:30.467Z\",\"reply_count\":1,\"reply_to_post_number\":null,\"quote_count\":0,\"incoming_link_count\":3,\"reads\":606,\"readers_count\":605,\"score\":171.2,\"yours\":false,\"topic_id\":439549,\"topic_slug\":\"memory-leaks\",\"display_username\":\"Peter Johnson\",\"primary_group_name\":null,\"flair_name\":null,\"flair_url\":null,\"flair_bg_color\":null,\"flair_color\":null,\"flair_group_id\":null,\"badges_granted\":[],\"version\":1,\"can_edit\":false,\"can_delete\":false,\"can_recover\":false,\"can_see_hidden_post\":true,\"can_wiki\":false,\"read\":true,\"user_title\":\"\",\"bookmarked\":false,\"actions_summary\":[{\"id\":2,\"count\":2}],\"moderator\":false,\"admin\":false,\"staff\":false,\"user_id\":13575,\"hidden\":false,\"trust_level\":2,\"deleted_at\":null,\"user_deleted\":false,\"edit_reason\":null,\"can_view_edit_history\":true,\"wiki\":false,\"user_custom_fields\":{\"user_field_4\":\"Volunteer WPILib Developer, CSA\"},\"post_url\":\"/t/memory-leaks/439549/2\",\"custom_user_title\":\"Volunteer WPILib Developer, CSA\",\"reactions\":[{\"id\":\"heart\",\"type\":\"emoji\",\"count\":2}],\"current_user_reaction\":null,\"reaction_users_count\":2,\"current_user_used_main_reaction\":false,\"can_accept_answer\":false,\"can_unaccept_answer\":false,\"accepted_answer\":false,\"topic_accepted_answer\":null},{\"id\":3223324,\"name\":\"joel truher\",\"username\":\"truher\",\"avatar_template\":\"/user_avatar/www.chiefdelphi.com/truher/{size}/172222_2.png\",\"created_at\":\"2023-08-06T14:44:27.388Z\",\"cooked\":\"\\u003cp\\u003ethanks!  I checked the usage of the volatile filesystem and that’s definitely not the issue.  there’s not zero output by it’s not that much, maybe 1kb by the time it starts crashing.\\u003c/p\\u003e\\n\\u003cp\\u003ealso none of the other processes are leaking, at least according to top.\\u003c/p\\u003e\\n\\u003cp\\u003eanother interesting clue, the problem exists even if the Robot constructor sleeps forever after instantiating the container, so its not something our code is touching directly.\\u003c/p\\u003e\",\"post_number\":3,\"post_type\":1,\"posts_count\":24,\"updated_at\":\"2023-08-06T14:44:27.388Z\",\"reply_count\":0,\"reply_to_post_number\":2,\"quote_count\":0,\"incoming_link_count\":1,\"reads\":508,\"readers_count\":507,\"score\":121.6,\"yours\":false,\"topic_id\":439549,\"topic_slug\":\"memory-leaks\",\"display_username\":\"joel truher\",\"primary_group_name\":null,\"flair_name\":null,\"flair_url\":null,\"flair_bg_color\":null,\"flair_color\":null,\"flair_group_id\":null,\"badges_granted\":[],\"version\":1,\"can_edit\":false,\"can_delete\":false,\"can_recover\":false,\"can_see_hidden_post\":true,\"can_wiki\":false,\"read\":true,\"user_title\":null,\"reply_to_user\":{\"id\":13575,\"username\":\"Peter_Johnson\",\"name\":\"Peter Johnson\",\"avatar_template\":\"/user_avatar/www.chiefdelphi.com/peter_johnson/{size}/10417_2.png\"},\"bookmarked\":false,\"actions_summary\":[{\"id\":2,\"count\":1}],\"moderator\":false,\"admin\":false,\"staff\":false,\"user_id\":53190,\"hidden\":false,\"trust_level\":2,\"deleted_at\":null,\"user_deleted\":false,\"edit_reason\":null,\"can_view_edit_history\":true,\"wiki\":false,\"user_custom_fields\":{\"user_field_4\":\"\"},\"post_url\":\"/t/memory-leaks/439549/3\",\"custom_user_title\":null,\"reactions\":[{\"id\":\"heart\",\"type\":\"emoji\",\"count\":1}],\"current_user_reaction\":null,\"reaction_users_count\":1,\"current_user_used_main_reaction\":false,\"can_accept_answer\":false,\"can_unaccept_answer\":false,\"accepted_answer\":false,\"topic_accepted_answer\":null},{\"id\":3223415,\"name\":\"Allen Nuttle\",\"username\":\"nuttle\",\"avatar_template\":\"/user_avatar/www.chiefdelphi.com/nuttle/{size}/124105_2.png\",\"created_at\":\"2023-08-07T01:17:36.017Z\",\"cooked\":\"\\u003cp\\u003eGiven that you ran top, it should be pretty easy to do something like `cat /proc/meminfo’ and pasting this here.  It sounds as though you have this pinned down to a particular process, but this might contain a clue of some type.  Even posting what top is showing might be helpful…\\u003c/p\\u003e\",\"post_number\":4,\"post_type\":1,\"posts_count\":24,\"updated_at\":\"2023-08-07T01:17:36.017Z\",\"reply_count\":0,\"reply_to_post_number\":null,\"quote_count\":0,\"incoming_link_count\":1,\"reads\":418,\"readers_count\":417,\"score\":88.6,\"yours\":false,\"topic_id\":439549,\"topic_slug\":\"memory-leaks\",\"display_username\":\"Allen Nuttle\",\"primary_group_name\":null,\"flair_name\":null,\"flair_url\":null,\"flair_bg_color\":null,\"flair_color\":null,\"flair_group_id\":null,\"badges_granted\":[],\"version\":1,\"can_edit\":false,\"can_delete\":false,\"can_recover\":false,\"can_see_hidden_post\":true,\"can_wiki\":false,\"read\":true,\"user_title\":\"\",\"bookmarked\":false,\"actions_summary\":[],\"moderator\":false,\"admin\":false,\"staff\":false,\"user_id\":14283,\"hidden\":false,\"trust_level\":2,\"deleted_at\":null,\"user_deleted\":false,\"edit_reason\":null,\"can_view_edit_history\":true,\"wiki\":false,\"user_custom_fields\":{\"user_field_4\":\"\"},\"post_url\":\"/t/memory-leaks/439549/4\",\"custom_user_title\":null,\"reactions\":[],\"current_user_reaction\":null,\"reaction_users_count\":0,\"current_user_used_main_reaction\":false,\"can_accept_answer\":false,\"can_unaccept_answer\":false,\"accepted_answer\":false,\"topic_accepted_answer\":null},{\"id\":3223430,\"name\":\"joel truher\",\"username\":\"truher\",\"avatar_template\":\"/user_avatar/www.chiefdelphi.com/truher/{size}/172222_2.png\",\"created_at\":\"2023-08-07T02:25:57.246Z\",\"cooked\":\"\\u003cp\\u003esure, that’s a good idea.  so here’s the line in top:\\u003c/p\\u003e\\n\\u003cpre\\u003e\\u003ccode class=\\\"lang-auto\\\"\\u003e  PID  PPID USER     STAT   VSZ %VSZ %CPU COMMAND\\n 7611  7600 lvuser   S     260m 106%  57% /usr/local/frc/JRE/bin/java ...\\n\\u003c/code\\u003e\\u003c/pre\\u003e\\n\\u003cp\\u003ehere’s its smap rollup\\u003c/p\\u003e\\n\\u003cpre\\u003e\\u003ccode class=\\\"lang-auto\\\"\\u003e00010000-ffff1000 ---p 00000000 00:00 0          [rollup]\\nRss:               69884 kB\\nPss:               64352 kB\\nShared_Clean:       7024 kB\\nShared_Dirty:          0 kB\\nPrivate_Clean:     16324 kB\\nPrivate_Dirty:     46536 kB\\nReferenced:        69884 kB\\nAnonymous:         45984 kB\\nLazyFree:              0 kB\\nAnonHugePages:         0 kB\\nShmemPmdMapped:        0 kB\\nShared_Hugetlb:        0 kB\\nPrivate_Hugetlb:       0 kB\\nSwap:                  0 kB\\nSwapPss:               0 kB\\nLocked:                0 kB\\n\\u003c/code\\u003e\\u003c/pre\\u003e\\n\\u003cp\\u003eand the machine meminfo:\\u003c/p\\u003e\\n\\u003cpre\\u003e\\u003ccode class=\\\"lang-auto\\\"\\u003eMemTotal:         250152 kB\\nMemFree:            3720 kB\\nMemAvailable:     108508 kB\\nBuffers:               0 kB\\nCached:           126560 kB\\nSwapCached:            0 kB\\nActive:           139464 kB\\nInactive:          31172 kB\\nActive(anon):      67648 kB\\nInactive(anon):      640 kB\\nActive(file):      71816 kB\\nInactive(file):    30532 kB\\nUnevictable:       36936 kB\\nMlocked:           36936 kB\\nHighTotal:             0 kB\\nHighFree:              0 kB\\nLowTotal:         250152 kB\\nLowFree:            3720 kB\\nSwapTotal:             0 kB\\nSwapFree:              0 kB\\nDirty:                 0 kB\\nWriteback:             4 kB\\nAnonPages:         81036 kB\\nMapped:            49268 kB\\nShmem:              1236 kB\\nSlab:              19760 kB\\nSReclaimable:      10924 kB\\nSUnreclaim:         8836 kB\\nKernelStack:        1720 kB\\nPageTables:         1408 kB\\nNFS_Unstable:          0 kB\\nBounce:                0 kB\\nWritebackTmp:          0 kB\\nCommitLimit:      215128 kB\\nCommitted_AS:     172868 kB\\nVmallocTotal:     770048 kB\\nVmallocUsed:           0 kB\\nVmallocChunk:          0 kB\\n\\u003c/code\\u003e\\u003c/pre\\u003e\\n\\u003cp\\u003eand here’s the status.  note the weirdly high VmPeak.\\u003c/p\\u003e\\n\\u003cpre\\u003e\\u003ccode class=\\\"lang-auto\\\"\\u003eName:   java\\nUmask:  0022\\nState:  S (sleeping)\\nTgid:   7611\\nNgid:   0\\nPid:    7611\\nPPid:   7600\\nTracerPid:      0\\nUid:    500     500     500     500\\nGid:    500     500     500     500\\nFDSize: 256\\nGroups: 5 44 46 397 498 500\\nVmPeak:  2971248 kB\\nVmSize:   266508 kB\\nVmLck:         0 kB\\nVmPin:         0 kB\\nVmHWM:     72136 kB\\nVmRSS:     72136 kB\\nRssAnon:           48652 kB\\nRssFile:           22940 kB\\nRssShmem:            544 kB\\nVmData:    96284 kB\\nVmStk:       132 kB\\nVmExe:         4 kB\\nVmLib:     38228 kB\\nVmPTE:       136 kB\\nVmPMD:         0 kB\\nVmSwap:        0 kB\\nThreads:        51\\nSigQ:   0/1946\\nSigPnd: 0000000000000000\\nShdPnd: 0000000000000000\\nSigBlk: 0000000000000000\\nSigIgn: 0000000000003000\\nSigCgt: 2000000181004ccf\\nCapInh: 0000000000000000\\nCapPrm: 0000000000800000\\nCapEff: 0000000000800000\\nCapBnd: 0000003fffffffff\\nCapAmb: 0000000000000000\\nNoNewPrivs:     0\\nSpeculation_Store_Bypass:       unknown\\nCpus_allowed:   3\\nCpus_allowed_list:      0-1\\nMems_allowed:   1\\nMems_allowed_list:      0\\nvoluntary_ctxt_switches:        1\\nnonvoluntary_ctxt_switches:     5\\n\\u003c/code\\u003e\\u003c/pre\\u003e\\n\\u003cp\\u003eSo the main puzzling thing is that, in the “sick” mode, there is plenty of physical RAM available, yet even small mallocs fail.  It’s like the actual footprint of the process is somehow larger than the RSS, or there’s some other limit being imposed.  Often the memory error occurs during JIT compilation so i tried turning that off, and also tried compiling everything in batch, but it wasn’t any better.\\u003c/p\\u003e\\n\\u003cp\\u003eI produced a heap dump (using jmx) and looked at it with VisualVM.  It was both unremarkable and tiny, under 4MB.\\u003c/p\\u003e\\n\\u003cp\\u003eLooking at the proc maps (below, edited a bit to stay under the 32k message limit) there sure is a lot of opencv code that i don’t need.  is there an easy way to remove it?  it looks like maybe just kind of inlining and modifying the gradle functions like wpilibJniRelease would work?\\u003c/p\\u003e\\n\\u003cp\\u003eAnyway if you’ve read this far, thank you.\\u003c/p\\u003e\\n\\u003cpre\\u003e\\u003ccode class=\\\"lang-auto\\\"\\u003e00010000-00011000 r-xp 00000000 00:0e 11450      /usr/local/frc/JRE/bin/java\\n00020000-00021000 r--p 00000000 00:0e 11450      /usr/local/frc/JRE/bin/java\\n00021000-00022000 rw-p 00001000 00:0e 11450      /usr/local/frc/JRE/bin/java\\n01767000-017ec000 rw-p 00000000 00:00 0          [heap]\\na6d00000-a6d39000 rw-p 00000000 00:00 0\\n...\\na703c000-a703f000 ---p 00000000 00:00 0\\na703f000-a708c000 rw-p 00000000 00:00 0\\na708c000-a71ee000 r-xp 00000000 00:0e 11137      /usr/local/frc/third-party/lib/libwpimath.so\\na71ee000-a71fd000 ---p 00162000 00:0e 11137      /usr/local/frc/third-party/lib/libwpimath.so\\na71fd000-a71fe000 r--p 00161000 00:0e 11137      /usr/local/frc/third-party/lib/libwpimath.so\\na71fe000-a7200000 rw-p 00162000 00:0e 11137      /usr/local/frc/third-party/lib/libwpimath.so\\na7200000-a7267000 rw-p 00000000 00:00 0\\na7267000-a7300000 ---p 00000000 00:00 0\\n...\\na7900000-a79b0000 rw-p 00000000 00:00 0\\na79b0000-a7c00000 ---p 00000000 00:00 0\\na7c0a000-a7cee000 r-xp 00000000 00:0e 11139      /usr/local/frc/third-party/lib/libopencv_java460.so\\na7cee000-a7cfd000 ---p 000e4000 00:0e 11139      /usr/local/frc/third-party/lib/libopencv_java460.so\\na7cfd000-a7cff000 r--p 000e3000 00:0e 11139      /usr/local/frc/third-party/lib/libopencv_java460.so\\na7cff000-a7d00000 rw-p 000e5000 00:0e 11139      /usr/local/frc/third-party/lib/libopencv_java460.so\\na7d00000-a7dfd000 rw-p 00000000 00:00 0\\na7dfd000-a7e00000 ---p 00000000 00:00 0\\na7e20000-a7e90000 r-xp 00000000 00:0e 11121      /usr/local/frc/third-party/lib/libwpimathjni.so\\na7e90000-a7e9f000 ---p 00070000 00:0e 11121      /usr/local/frc/third-party/lib/libwpimathjni.so\\na7e9f000-a7ea0000 r--p 0006f000 00:0e 11121      /usr/local/frc/third-party/lib/libwpimathjni.so\\na7ea0000-a7ea1000 rw-p 00070000 00:0e 11121      /usr/local/frc/third-party/lib/libwpimathjni.so\\na7ea1000-a7ea4000 ---p 00000000 00:00 0\\n...\\na9fc2000-aa001000 rw-p 00000000 00:00 0\\naa001000-aa21c000 r-xp 00000000 00:0e 11145      /usr/local/frc/third-party/lib/libopencv_core.so.4.6\\naa21c000-aa22c000 ---p 0021b000 00:0e 11145      /usr/local/frc/third-party/lib/libopencv_core.so.4.6\\naa22c000-aa232000 r--p 0021b000 00:0e 11145      /usr/local/frc/third-party/lib/libopencv_core.so.4.6\\naa232000-aa233000 rw-p 00221000 00:0e 11145      /usr/local/frc/third-party/lib/libopencv_core.so.4.6\\naa233000-aa236000 rw-p 00000000 00:00 0\\naa236000-aa288000 r-xp 00000000 00:0e 11122      /usr/local/frc/third-party/lib/libopencv_objdetect.so.4.6\\naa288000-aa298000 ---p 00052000 00:0e 11122      /usr/local/frc/third-party/lib/libopencv_objdetect.so.4.6\\naa298000-aa29a000 r--p 00052000 00:0e 11122      /usr/local/frc/third-party/lib/libopencv_objdetect.so.4.6\\naa29a000-aa29b000 rw-p 00054000 00:0e 11122      /usr/local/frc/third-party/lib/libopencv_objdetect.so.4.6\\naa29b000-aa35b000 r-xp 00000000 00:0e 11128      /usr/local/frc/third-party/lib/libopencv_imgcodecs.so.4.6\\naa35b000-aa36a000 ---p 000c0000 00:0e 11128      /usr/local/frc/third-party/lib/libopencv_imgcodecs.so.4.6\\naa36a000-aa36d000 r--p 000bf000 00:0e 11128      /usr/local/frc/third-party/lib/libopencv_imgcodecs.so.4.6\\naa36d000-aa36e000 rw-p 000c2000 00:0e 11128      /usr/local/frc/third-party/lib/libopencv_imgcodecs.so.4.6\\naa36e000-aa3ae000 r-xp 00000000 00:0e 11146      /usr/local/frc/third-party/lib/libopencv_videoio.so.4.6\\naa3ae000-aa3be000 ---p 00040000 00:0e 11146      /usr/local/frc/third-party/lib/libopencv_videoio.so.4.6\\naa3be000-aa3bf000 r--p 00040000 00:0e 11146      /usr/local/frc/third-party/lib/libopencv_videoio.so.4.6\\naa3bf000-aa3c0000 rw-p 00041000 00:0e 11146      /usr/local/frc/third-party/lib/libopencv_videoio.so.4.6\\naa3c0000-aa3c2000 rw-p 00000000 00:00 0\\naa3c2000-aa418000 r-xp 00000000 00:0e 11134      /usr/local/frc/third-party/lib/libopencv_ml.so.4.6\\naa418000-aa427000 ---p 00056000 00:0e 11134      /usr/local/frc/third-party/lib/libopencv_ml.so.4.6\\naa427000-aa429000 r--p 00055000 00:0e 11134      /usr/local/frc/third-party/lib/libopencv_ml.so.4.6\\naa429000-aa42a000 rw-p 00057000 00:0e 11134      /usr/local/frc/third-party/lib/libopencv_ml.so.4.6\\naa42a000-aa69d000 r-xp 00000000 00:0e 11136      /usr/local/frc/third-party/lib/libopencv_imgproc.so.4.6\\naa69d000-aa6ad000 ---p 00273000 00:0e 11136      /usr/local/frc/third-party/lib/libopencv_imgproc.so.4.6\\naa6ad000-aa6b5000 r--p 00273000 00:0e 11136      /usr/local/frc/third-party/lib/libopencv_imgproc.so.4.6\\naa6b5000-aa6b9000 rw-p 0027b000 00:0e 11136      /usr/local/frc/third-party/lib/libopencv_imgproc.so.4.6\\naa6b9000-aa755000 rw-p 00000000 00:00 0\\naa755000-aa872000 r-xp 00000000 00:0e 11119      /usr/local/frc/third-party/lib/libopencv_calib3d.so.4.6\\naa872000-aa881000 ---p 0011d000 00:0e 11119      /usr/local/frc/third-party/lib/libopencv_calib3d.so.4.6\\naa881000-aa886000 r--p 0011c000 00:0e 11119      /usr/local/frc/third-party/lib/libopencv_calib3d.so.4.6\\naa886000-aa887000 rw-p 00121000 00:0e 11119      /usr/local/frc/third-party/lib/libopencv_calib3d.so.4.6\\naa887000-aa8da000 r-xp 00000000 00:0e 11144      /usr/local/frc/third-party/lib/libopencv_stitching.so.4.6\\naa8da000-aa8ea000 ---p 00053000 00:0e 11144      /usr/local/frc/third-party/lib/libopencv_stitching.so.4.6\\naa8ea000-aa8ec000 r--p 00053000 00:0e 11144      /usr/local/frc/third-party/lib/libopencv_stitching.so.4.6\\naa8ec000-aa8ed000 rw-p 00055000 00:0e 11144      /usr/local/frc/third-party/lib/libopencv_stitching.so.4.6\\naa8ed000-aacc9000 rw-p 00000000 00:00 0\\naaccb000-aad07000 r-xp 00000000 00:0e 11148      /usr/local/frc/third-party/lib/libopencv_video.so.4.6\\naad07000-aad16000 ---p 0003c000 00:0e 11148      /usr/local/frc/third-party/lib/libopencv_video.so.4.6\\naad16000-aad18000 r--p 0003b000 00:0e 11148      /usr/local/frc/third-party/lib/libopencv_video.so.4.6\\naad18000-aad19000 rw-p 0003d000 00:0e 11148      /usr/local/frc/third-party/lib/libopencv_video.so.4.6\\naad19000-aad96000 r-xp 00000000 00:0e 11120      /usr/local/frc/third-party/lib/libopencv_photo.so.4.6\\naad96000-aada5000 ---p 0007d000 00:0e 11120      /usr/local/frc/third-party/lib/libopencv_photo.so.4.6\\naada5000-aada7000 r--p 0007c000 00:0e 11120      /usr/local/frc/third-party/lib/libopencv_photo.so.4.6\\naada7000-aada8000 rw-p 0007e000 00:0e 11120      /usr/local/frc/third-party/lib/libopencv_photo.so.4.6\\naada8000-aadee000 r-xp 00000000 00:0e 11130      /usr/local/frc/third-party/lib/libopencv_flann.so.4.6\\naadee000-aadfd000 ---p 00046000 00:0e 11130      /usr/local/frc/third-party/lib/libopencv_flann.so.4.6\\naadfd000-aadff000 r--p 00045000 00:0e 11130      /usr/local/frc/third-party/lib/libopencv_flann.so.4.6\\naadff000-aae00000 rw-p 00047000 00:0e 11130      /usr/local/frc/third-party/lib/libopencv_flann.so.4.6\\naae00000-ab200000 rw-s 00000000 00:06 10385      /dev/ni/atomiczynqk:0\\\\atomiczynqk_atomicrioddkzynq\\\\0\\nab200000-ab2fc000 rw-p 00000000 00:00 0\\nab2fc000-ab300000 ---p 00000000 00:00 0\\nab300000-ab4f1000 rw-p 00000000 00:00 0\\nab4f1000-ab500000 ---p 00000000 00:00 0\\nab51b000-ab53b000 r-xp 00000000 00:0e 11142      /usr/local/frc/third-party/lib/libopencv_highgui.so.4.6\\nab53b000-ab54b000 ---p 00020000 00:0e 11142      /usr/local/frc/third-party/lib/libopencv_highgui.so.4.6\\nab54b000-ab54c000 r--p 00020000 00:0e 11142      /usr/local/frc/third-party/lib/libopencv_highgui.so.4.6\\nab54c000-ab54d000 rw-p 00021000 00:0e 11142      /usr/local/frc/third-party/lib/libopencv_highgui.so.4.6\\nab54d000-ab5ab000 r-xp 00000000 00:0e 11140      /usr/local/frc/third-party/lib/libopencv_features2d.so.4.6\\nab5ab000-ab5bb000 ---p 0005e000 00:0e 11140      /usr/local/frc/third-party/lib/libopencv_features2d.so.4.6\\nab5bb000-ab5be000 r--p 0005e000 00:0e 11140      /usr/local/frc/third-party/lib/libopencv_features2d.so.4.6\\nab5be000-ab5c0000 rw-p 00061000 00:0e 11140      /usr/local/frc/third-party/lib/libopencv_features2d.so.4.6\\nab5c0000-ab5e0000 rw-s 01000000 00:06 10385      /dev/ni/atomiczynqk:0\\\\atomiczynqk_atomicrioddkzynq\\\\0\\nab5e0000-ab5e1000 ---p 00000000 00:00 0\\n...\\nab6a1000-ab6e0000 rw-p 00000000 00:00 0\\nab6e0000-ab78f000 r-xp 00000000 00:0e 4267       /usr/lib/arm-linux-gnueabi/libatomiczynqu.so.22.5.0\\nab78f000-ab796000 ---p 000af000 00:0e 4267       /usr/lib/arm-linux-gnueabi/libatomiczynqu.so.22.5.0\\nab796000-ab79f000 rw-p 000ae000 00:0e 4267       /usr/lib/arm-linux-gnueabi/libatomiczynqu.so.22.5.0\\nab7ba000-ab7e4000 r-xp 00000000 00:0e 11127      /usr/local/frc/third-party/lib/libopencv_aruco.so.4.6\\nab7e4000-ab7f3000 ---p 0002a000 00:0e 11127      /usr/local/frc/third-party/lib/libopencv_aruco.so.4.6\\nab7f3000-ab7f4000 r--p 00029000 00:0e 11127      /usr/local/frc/third-party/lib/libopencv_aruco.so.4.6\\nab7f4000-ab818000 rw-p 0002a000 00:0e 11127      /usr/local/frc/third-party/lib/libopencv_aruco.so.4.6\\nab818000-ab819000 rw-p 00000000 00:00 0\\nab819000-aba6f000 r-xp 00000000 00:0e 11129      /usr/local/frc/third-party/lib/libopencv_gapi.so.4.6\\naba6f000-aba7e000 ---p 00256000 00:0e 11129      /usr/local/frc/third-party/lib/libopencv_gapi.so.4.6\\naba7e000-aba84000 r--p 00255000 00:0e 11129      /usr/local/frc/third-party/lib/libopencv_gapi.so.4.6\\naba84000-aba86000 rw-p 0025b000 00:0e 11129      /usr/local/frc/third-party/lib/libopencv_gapi.so.4.6\\naba86000-abb1d000 r-xp 00000000 00:0e 11147      /usr/local/frc/third-party/lib/libcscore.so\\nabb1d000-abb2c000 ---p 00097000 00:0e 11147      /usr/local/frc/third-party/lib/libcscore.so\\nabb2c000-abb2d000 r--p 00096000 00:0e 11147      /usr/local/frc/third-party/lib/libcscore.so\\nabb2d000-abb2e000 rw-p 00097000 00:0e 11147      /usr/local/frc/third-party/lib/libcscore.so\\nabb2e000-abb43000 r-xp 00000000 00:0e 11138      /usr/local/frc/third-party/lib/libcscorejni.so\\nabb43000-abb52000 ---p 00015000 00:0e 11138      /usr/local/frc/third-party/lib/libcscorejni.so\\nabb52000-abb53000 r--p 00014000 00:0e 11138      /usr/local/frc/third-party/lib/libcscorejni.so\\nabb53000-abb54000 rw-p 00015000 00:0e 11138      /usr/local/frc/third-party/lib/libcscorejni.so\\nabb54000-abb5c000 r-xp 00000000 00:0e 11125      /usr/local/frc/third-party/lib/libwpiutiljni.so\\nabb5c000-abb6b000 ---p 00008000 00:0e 11125      /usr/local/frc/third-party/lib/libwpiutiljni.so\\nabb6b000-abb6c000 r--p 00007000 00:0e 11125      /usr/local/frc/third-party/lib/libwpiutiljni.so\\nabb6c000-abb6d000 rw-p 00008000 00:0e 11125      /usr/local/frc/third-party/lib/libwpiutiljni.so\\nabb6d000-abc66000 r-xp 00000000 00:0e 11133      /usr/local/frc/third-party/lib/libwpinet.so\\nabc66000-abc75000 ---p 000f9000 00:0e 11133      /usr/local/frc/third-party/lib/libwpinet.so\\nabc75000-abc78000 r--p 000f8000 00:0e 11133      /usr/local/frc/third-party/lib/libwpinet.so\\nabc78000-abc7a000 rw-p 000fb000 00:0e 11133      /usr/local/frc/third-party/lib/libwpinet.so\\nabc7a000-abc7b000 rw-p 00000000 00:00 0\\nabc7b000-abd75000 r-xp 00000000 00:0e 11124      /usr/local/frc/third-party/lib/libntcore.so\\nabd75000-abd85000 ---p 000fa000 00:0e 11124      /usr/local/frc/third-party/lib/libntcore.so\\nabd85000-abd87000 r--p 000fa000 00:0e 11124      /usr/local/frc/third-party/lib/libntcore.so\\nabd87000-abd89000 rw-p 000fc000 00:0e 11124      /usr/local/frc/third-party/lib/libntcore.so\\nabd89000-abda4000 r-xp 00000000 00:0e 11143      /usr/local/frc/third-party/lib/libntcorejni.so\\nabda4000-abdb4000 ---p 0001b000 00:0e 11143      /usr/local/frc/third-party/lib/libntcorejni.so\\nabdb4000-abdb5000 r--p 0001b000 00:0e 11143      /usr/local/frc/third-party/lib/libntcorejni.so\\nabdb5000-abdb6000 rw-p 0001c000 00:0e 11143      /usr/local/frc/third-party/lib/libntcorejni.so\\nabdb6000-abdb7000 ---p 00000000 00:00 0\\n...\\nabeb7000-abef6000 rw-p 00000000 00:00 0\\nabef6000-abf76000 rw-s 00000000 00:05 131072     /SYSV020e1074 (deleted)\\nabf76000-ac02f000 r-xp 00000000 00:0e 4260       /usr/lib/arm-linux-gnueabi/libniriodevenum.so.22.5.0\\nac02f000-ac037000 ---p 000b9000 00:0e 4260       /usr/lib/arm-linux-gnueabi/libniriodevenum.so.22.5.0\\nac037000-ac03a000 rw-p 000b9000 00:0e 4260       /usr/lib/arm-linux-gnueabi/libniriodevenum.so.22.5.0\\nac03a000-ac106000 r-xp 00000000 00:0e 4238       /usr/lib/arm-linux-gnueabi/libNiRioSrv.so.22.5.0\\nac106000-ac10d000 ---p 000cc000 00:0e 4238       /usr/lib/arm-linux-gnueabi/libNiRioSrv.so.22.5.0\\nac10d000-ac113000 rw-p 000cb000 00:0e 4238       /usr/lib/arm-linux-gnueabi/libNiRioSrv.so.22.5.0\\nac113000-ac155000 r-xp 00000000 00:0e 4248       /usr/lib/arm-linux-gnueabi/libNiFpga.so.22.5.0\\nac155000-ac15d000 ---p 00042000 00:0e 4248       /usr/lib/arm-linux-gnueabi/libNiFpga.so.22.5.0\\nac15d000-ac15e000 rw-p 00042000 00:0e 4248       /usr/lib/arm-linux-gnueabi/libNiFpga.so.22.5.0\\nac15e000-ac187000 r-xp 00000000 00:0e 6502       /usr/local/natinst/lib/libni_emb.so.13.0.0\\nac187000-ac18f000 ---p 00029000 00:0e 6502       /usr/local/natinst/lib/libni_emb.so.13.0.0\\nac18f000-ac190000 rw-p 00029000 00:0e 6502       /usr/local/natinst/lib/libni_emb.so.13.0.0\\nac190000-ac199000 r-xp 00000000 00:0e 4237       /usr/lib/arm-linux-gnueabi/libNiFpgaLv.so.22.5.0\\nac199000-ac1a0000 ---p 00009000 00:0e 4237       /usr/lib/arm-linux-gnueabi/libNiFpgaLv.so.22.5.0\\nac1a0000-ac1a1000 rw-p 00008000 00:0e 4237       /usr/lib/arm-linux-gnueabi/libNiFpgaLv.so.22.5.0\\nac1a1000-ac1b2000 r-xp 00000000 00:0e 6488       /usr/local/natinst/lib/libnirio_emb_can.so.21.0.0\\nac1b2000-ac1ba000 ---p 00011000 00:0e 6488       /usr/local/natinst/lib/libnirio_emb_can.so.21.0.0\\nac1ba000-ac1bb000 rw-p 00011000 00:0e 6488       /usr/local/natinst/lib/libnirio_emb_can.so.21.0.0\\nac1bb000-ac1ea000 r-xp 00000000 00:0e 4212       /usr/lib/arm-linux-gnueabi/libvisa.so.22.5.0\\nac1ea000-ac1f2000 ---p 0002f000 00:0e 4212       /usr/lib/arm-linux-gnueabi/libvisa.so.22.5.0\\nac1f2000-ac1f3000 rw-p 0002f000 00:0e 4212       /usr/lib/arm-linux-gnueabi/libvisa.so.22.5.0\\nac1f3000-ac203000 rw-p 00000000 00:00 0\\nac203000-ac2c3000 r-xp 00000000 00:0e 6416       /usr/local/frc/lib/libRoboRIO_FRC_ChipObject.so.23.0.0\\nac2c3000-ac2ca000 ---p 000c0000 00:0e 6416       /usr/local/frc/lib/libRoboRIO_FRC_ChipObject.so.23.0.0\\nac2ca000-ac2d0000 rw-p 000bf000 00:0e 6416       /usr/local/frc/lib/libRoboRIO_FRC_ChipObject.so.23.0.0\\nac2d0000-ac38b000 r-xp 00000000 00:0e 6418       /usr/local/frc/lib/libFRC_NetworkCommunication.so.23.0.0\\nac38b000-ac393000 ---p 000bb000 00:0e 6418       /usr/local/frc/lib/libFRC_NetworkCommunication.so.23.0.0\\nac393000-ac396000 rw-p 000bb000 00:0e 6418       /usr/local/frc/lib/libFRC_NetworkCommunication.so.23.0.0\\nac396000-ac39a000 r-xp 00000000 00:0e 4120       /usr/lib/libatomic.so.1.2.0\\nac39a000-ac3a9000 ---p 00004000 00:0e 4120       /usr/lib/libatomic.so.1.2.0\\nac3a9000-ac3aa000 r--p 00003000 00:0e 4120       /usr/lib/libatomic.so.1.2.0\\nac3aa000-ac3ab000 rw-p 00004000 00:0e 4120       /usr/lib/libatomic.so.1.2.0\\nac3ab000-ac3ac000 rw-p 00000000 00:00 0\\nac3ac000-ac477000 r-xp 00000000 00:0e 11132      /usr/local/frc/third-party/lib/libwpiutil.so\\nac477000-ac487000 ---p 000cb000 00:0e 11132      /usr/local/frc/third-party/lib/libwpiutil.so\\nac487000-ac488000 r--p 000cb000 00:0e 11132      /usr/local/frc/third-party/lib/libwpiutil.so\\nac488000-ac489000 rw-p 000cc000 00:0e 11132      /usr/local/frc/third-party/lib/libwpiutil.so\\nac489000-ac48b000 rw-p 00000000 00:00 0\\nac48b000-ac51b000 r-xp 00000000 00:0e 11135      /usr/local/frc/third-party/lib/libwpiHal.so\\nac51b000-ac52a000 ---p 00090000 00:0e 11135      /usr/local/frc/third-party/lib/libwpiHal.so\\nac52a000-ac52b000 r--p 0008f000 00:0e 11135      /usr/local/frc/third-party/lib/libwpiHal.so\\nac52b000-ac52c000 rw-p 00090000 00:0e 11135      /usr/local/frc/third-party/lib/libwpiHal.so\\nac52c000-ac531000 rw-p 00000000 00:00 0\\nac531000-ac57e000 r-xp 00000000 00:0e 11131      /usr/local/frc/third-party/lib/libwpiHaljni.so\\nac57e000-ac58e000 ---p 0004d000 00:0e 11131      /usr/local/frc/third-party/lib/libwpiHaljni.so\\nac58e000-ac58f000 r--p 0004d000 00:0e 11131      /usr/local/frc/third-party/lib/libwpiHaljni.so\\nac58f000-ac591000 rw-p 0004e000 00:0e 11131      /usr/local/frc/third-party/lib/libwpiHaljni.so\\nac591000-ac592000 ---p 00000000 00:00 0\\nac592000-ac612000 rw-p 00000000 00:00 0\\nac612000-ac615000 ---p 00000000 00:00 0\\nac615000-ac662000 rw-p 00000000 00:00 0\\nac662000-ac665000 ---p 00000000 00:00 0\\nac665000-ac6b2000 rw-p 00000000 00:00 0\\nac6b2000-ac6b4000 r-xp 00000000 00:0e 11185      /usr/local/frc/JRE/lib/libextnet.so\\nac6b4000-ac6c3000 ---p 00002000 00:0e 11185      /usr/local/frc/JRE/lib/libextnet.so\\nac6c3000-ac6c4000 r--p 00001000 00:0e 11185      /usr/local/frc/JRE/lib/libextnet.so\\nac6c4000-ac6c5000 rw-p 00002000 00:0e 11185      /usr/local/frc/JRE/lib/libextnet.so\\nac6c5000-ac6ca000 r-xp 00000000 00:0e 2383       /lib/libnss_mdns.so.2\\nac6ca000-ac6d9000 ---p 00005000 00:0e 2383       /lib/libnss_mdns.so.2\\nac6d9000-ac6da000 r--p 00004000 00:0e 2383       /lib/libnss_mdns.so.2\\nac6da000-ac6db000 rw-p 00005000 00:0e 2383       /lib/libnss_mdns.so.2\\nac6db000-ac6ed000 r-xp 00000000 00:0e 2431       /lib/libresolv-2.24.so\\nac6ed000-ac6fc000 ---p 00012000 00:0e 2431       /lib/libresolv-2.24.so\\nac6fc000-ac6fd000 r--p 00011000 00:0e 2431       /lib/libresolv-2.24.so\\nac6fd000-ac6fe000 rw-p 00012000 00:0e 2431       /lib/libresolv-2.24.so\\nac6fe000-ac800000 rw-p 00000000 00:00 0\\nac808000-ac80c000 r-xp 00000000 00:0e 2476       /lib/libnss_dns-2.24.so\\nac80c000-ac81b000 ---p 00004000 00:0e 2476       /lib/libnss_dns-2.24.so\\nac81b000-ac81c000 r--p 00003000 00:0e 2476       /lib/libnss_dns-2.24.so\\nac81c000-ac81d000 rw-p 00004000 00:0e 2476       /lib/libnss_dns-2.24.so\\nac81d000-ac82f000 r-xp 00000000 00:0e 11196      /usr/local/frc/JRE/lib/libzip.so\\nac82f000-ac83e000 ---p 00012000 00:0e 11196      /usr/local/frc/JRE/lib/libzip.so\\nac83e000-ac83f000 r--p 00011000 00:0e 11196      /usr/local/frc/JRE/lib/libzip.so\\nac83f000-ac840000 rw-p 00012000 00:0e 11196      /usr/local/frc/JRE/lib/libzip.so\\nac840000-ac84f000 r-xp 00000000 00:0e 11192      /usr/local/frc/JRE/lib/libnet.so\\nac84f000-ac85e000 ---p 0000f000 00:0e 11192      /usr/local/frc/JRE/lib/libnet.so\\nac85e000-ac85f000 r--p 0000e000 00:0e 11192      /usr/local/frc/JRE/lib/libnet.so\\nac85f000-ac860000 rw-p 0000f000 00:0e 11192      /usr/local/frc/JRE/lib/libnet.so\\nac860000-ac863000 ---p 00000000 00:00 0\\nac863000-ac8b0000 rw-p 00000000 00:00 0\\nac8b0000-ac8b3000 ---p 00000000 00:00 0\\nac8b3000-ac9fd000 rw-p 00000000 00:00 0\\nac9fd000-aca00000 ---p 00000000 00:00 0\\naca01000-aca09000 r-xp 00000000 00:0e 4235       /usr/lib/arm-linux-gnueabi/libniriosession.so.22.5.0\\naca09000-aca0a000 rw-p 00008000 00:0e 4235       /usr/lib/arm-linux-gnueabi/libniriosession.so.22.5.0\\naca0a000-aca0e000 r-xp 00000000 00:0e 2447       /lib/libnss_mdns4_minimal.so.2\\naca0e000-aca1d000 ---p 00004000 00:0e 2447       /lib/libnss_mdns4_minimal.so.2\\naca1d000-aca1e000 r--p 00003000 00:0e 2447       /lib/libnss_mdns4_minimal.so.2\\naca1e000-aca1f000 rw-p 00004000 00:0e 2447       /lib/libnss_mdns4_minimal.so.2\\naca1f000-acc00000 r--p 00000000 00:0e 3933       /usr/lib/locale/locale-archive\\nacc00000-ad000000 rw-p 00000000 00:00 0\\n...\\nad380000-ad400000 rw-p 00000000 00:00 0\\nad405000-ad40a000 r-xp 00000000 00:0e 11172      /usr/local/frc/JRE/lib/libmanagement_ext.so\\nad40a000-ad419000 ---p 00005000 00:0e 11172      /usr/local/frc/JRE/lib/libmanagement_ext.so\\nad419000-ad41a000 r--p 00004000 00:0e 11172      /usr/local/frc/JRE/lib/libmanagement_ext.so\\nad41a000-ad41b000 rw-p 00005000 00:0e 11172      /usr/local/frc/JRE/lib/libmanagement_ext.so\\nad41b000-ad41e000 ---p 00000000 00:00 0\\nad41e000-ad46b000 rw-p 00000000 00:00 0\\n...\\nad880000-ad95a000 rw-p 00000000 00:00 0\\nad95a000-ada00000 ---p 00000000 00:00 0\\nada06000-ada13000 r-xp 00000000 00:0e 11161      /usr/local/frc/JRE/lib/libnio.so\\nada13000-ada22000 ---p 0000d000 00:0e 11161      /usr/local/frc/JRE/lib/libnio.so\\nada22000-ada23000 r--p 0000c000 00:0e 11161      /usr/local/frc/JRE/lib/libnio.so\\nada23000-ada24000 rw-p 0000d000 00:0e 11161      /usr/local/frc/JRE/lib/libnio.so\\nada24000-ada7f000 rw-p 00000000 00:00 0\\nada7f000-ada80000 ---p 00000000 00:00 0\\nada80000-adbfc000 rw-p 00000000 00:00 0\\nadbfc000-adc00000 ---p 00000000 00:00 0\\nadc04000-adc07000 r-xp 00000000 00:0e 11165      /usr/local/frc/JRE/lib/libmanagement.so\\nadc07000-adc16000 ---p 00003000 00:0e 11165      /usr/local/frc/JRE/lib/libmanagement.so\\nadc16000-adc17000 r--p 00002000 00:0e 11165      /usr/local/frc/JRE/lib/libmanagement.so\\nadc17000-adc18000 rw-p 00003000 00:0e 11165      /usr/local/frc/JRE/lib/libmanagement.so\\nadc18000-adc4f000 r--p 00000000 00:0e 3927       /usr/lib/locale/L1/LC_CTYPE\\nadc4f000-adc50000 ---p 00000000 00:00 0\\n...\\naef00000-b4000000 ---p 00000000 00:00 0\\nb4004000-b4006000 r-xp 00000000 00:0e 6483       /usr/local/natinst/lib/libni_rtlog.so.2.10.0\\nb4006000-b400e000 ---p 00002000 00:0e 6483       /usr/local/natinst/lib/libni_rtlog.so.2.10.0\\nb400e000-b400f000 rw-p 00002000 00:0e 6483       /usr/local/natinst/lib/libni_rtlog.so.2.10.0\\nb400f000-b4037000 rw-p 00000000 00:00 0\\n...\\nb435f000-b610f000 ---p 00000000 00:00 0\\nb610f000-b6126000 r-xp 00000000 00:0e 11166      /usr/local/frc/JRE/lib/libjava.so\\nb6126000-b6136000 ---p 00017000 00:0e 11166      /usr/local/frc/JRE/lib/libjava.so\\nb6136000-b6137000 r--p 00017000 00:0e 11166      /usr/local/frc/JRE/lib/libjava.so\\nb6137000-b6138000 rw-p 00018000 00:0e 11166      /usr/local/frc/JRE/lib/libjava.so\\nb6138000-b62c7000 r-xp 00000000 00:0e 2390       /lib/libnss_niauth.so.21.5.0\\nb62c7000-b62ce000 ---p 0018f000 00:0e 2390       /lib/libnss_niauth.so.21.5.0\\nb62ce000-b62ec000 rw-p 0018e000 00:0e 2390       /lib/libnss_niauth.so.21.5.0\\nb62ec000-b62ef000 rw-p 00000000 00:00 0\\nb62ef000-b6400000 r--s 00000000 00:0e 11186      /usr/local/frc/JRE/lib/modules\\nb6400000-b64fb000 rw-p 00000000 00:00 0\\nb64fb000-b6500000 ---p 00000000 00:00 0\\nb650b000-b650c000 rw-s 00065000 00:06 10049      /dev/ni/niembcanzynqk:0\\\\niembcan_ucan\\\\0\\nb650c000-b650d000 r--p 00000000 00:0e 3932       /usr/lib/locale/L1/LC_NUMERIC\\nb650d000-b650e000 r--p 00000000 00:0e 3925       /usr/lib/locale/L1/LC_TIME\\nb650e000-b6513000 r--p 00000000 00:0e 3921       /usr/lib/locale/L1/LC_COLLATE\\nb6513000-b6514000 r--p 00000000 00:0e 3930       /usr/lib/locale/L1/LC_MONETARY\\nb6514000-b6515000 r--p 00000000 00:0e 3923       /usr/lib/locale/L1/LC_MESSAGES/SYS_LC_MESSAGES\\nb6515000-b651e000 r-xp 00000000 00:0e 2435       /lib/libnss_files-2.24.so\\nb651e000-b652d000 ---p 00009000 00:0e 2435       /lib/libnss_files-2.24.so\\nb652d000-b652e000 r--p 00008000 00:0e 2435       /lib/libnss_files-2.24.so\\nb652e000-b652f000 rw-p 00009000 00:0e 2435       /lib/libnss_files-2.24.so\\nb652f000-b6535000 rw-p 00000000 00:00 0\\nb6535000-b653e000 r-xp 00000000 00:0e 2398       /lib/libnss_nis-2.24.so\\nb653e000-b654d000 ---p 00009000 00:0e 2398       /lib/libnss_nis-2.24.so\\nb654d000-b654e000 r--p 00008000 00:0e 2398       /lib/libnss_nis-2.24.so\\nb654e000-b654f000 rw-p 00009000 00:0e 2398       /lib/libnss_nis-2.24.so\\nb654f000-b6560000 r-xp 00000000 00:0e 2462       /lib/libnsl-2.24.so\\nb6560000-b656f000 ---p 00011000 00:0e 2462       /lib/libnsl-2.24.so\\nb656f000-b6570000 r--p 00010000 00:0e 2462       /lib/libnsl-2.24.so\\nb6570000-b6571000 rw-p 00011000 00:0e 2462       /lib/libnsl-2.24.so\\nb6571000-b6573000 rw-p 00000000 00:00 0\\nb6573000-b6579000 r-xp 00000000 00:0e 2438       /lib/libnss_compat-2.24.so\\nb6579000-b6589000 ---p 00006000 00:0e 2438       /lib/libnss_compat-2.24.so\\nb6589000-b658a000 r--p 00006000 00:0e 2438       /lib/libnss_compat-2.24.so\\nb658a000-b658b000 rw-p 00007000 00:0e 2438       /lib/libnss_compat-2.24.so\\nb658b000-b6593000 rw-s 00000000 00:11 60905      /var/volatile/tmp/hsperfdata_lvuser/1588\\nb6593000-b6596000 r-xp 00000000 00:0e 11183      /usr/local/frc/JRE/lib/libjimage.so\\nb6596000-b65a5000 ---p 00003000 00:0e 11183      /usr/local/frc/JRE/lib/libjimage.so\\nb65a5000-b65a6000 r--p 00002000 00:0e 11183      /usr/local/frc/JRE/lib/libjimage.so\\nb65a6000-b65a7000 rw-p 00003000 00:0e 11183      /usr/local/frc/JRE/lib/libjimage.so\\nb65a7000-b65aa000 ---p 00000000 00:00 0\\nb65aa000-b65f7000 rw-p 00000000 00:00 0\\nb65f7000-b6612000 r-xp 00000000 00:0e 2452       /lib/libgcc_s.so.1\\nb6612000-b6621000 ---p 0001b000 00:0e 2452       /lib/libgcc_s.so.1\\nb6621000-b6622000 r--p 0001a000 00:0e 2452       /lib/libgcc_s.so.1\\nb6622000-b6623000 rw-p 0001b000 00:0e 2452       /lib/libgcc_s.so.1\\nb6623000-b6690000 r-xp 00000000 00:0e 2482       /lib/libm-2.24.so\\nb6690000-b669f000 ---p 0006d000 00:0e 2482       /lib/libm-2.24.so\\nb669f000-b66a0000 r--p 0006c000 00:0e 2482       /lib/libm-2.24.so\\nb66a0000-b66a1000 rw-p 0006d000 00:0e 2482       /lib/libm-2.24.so\\nb66a1000-b6850000 r-xp 00000000 00:0e 3948       /usr/lib/libstdc++.so.6.0.30\\nb6850000-b685f000 ---p 001af000 00:0e 3948       /usr/lib/libstdc++.so.6.0.30\\nb685f000-b6864000 r--p 001ae000 00:0e 3948       /usr/lib/libstdc++.so.6.0.30\\nb6864000-b6866000 rw-p 001b3000 00:0e 3948       /usr/lib/libstdc++.so.6.0.30\\nb6866000-b6868000 rw-p 00000000 00:00 0\\nb6868000-b686e000 r-xp 00000000 00:0e 2440       /lib/librt-2.24.so\\nb686e000-b687d000 ---p 00006000 00:0e 2440       /lib/librt-2.24.so\\nb687d000-b687e000 r--p 00005000 00:0e 2440       /lib/librt-2.24.so\\nb687e000-b687f000 rw-p 00006000 00:0e 2440       /lib/librt-2.24.so\\nb687f000-b6dbd000 r-xp 00000000 00:0e 11189      /usr/local/frc/JRE/lib/client/libjvm.so\\nb6dbd000-b6dcc000 ---p 0053e000 00:0e 11189      /usr/local/frc/JRE/lib/client/libjvm.so\\nb6dcc000-b6de3000 r--p 0053d000 00:0e 11189      /usr/local/frc/JRE/lib/client/libjvm.so\\nb6de3000-b6df3000 rw-p 00554000 00:0e 11189      /usr/local/frc/JRE/lib/client/libjvm.so\\nb6df3000-b6e19000 rw-p 00000000 00:00 0\\nb6e19000-b6f3e000 r-xp 00000000 00:0e 3085       /lib/libc-2.24.so\\nb6f3e000-b6f4e000 ---p 00125000 00:0e 3085       /lib/libc-2.24.so\\nb6f4e000-b6f50000 r--p 00125000 00:0e 3085       /lib/libc-2.24.so\\nb6f50000-b6f51000 rw-p 00127000 00:0e 3085       /lib/libc-2.24.so\\nb6f51000-b6f54000 rw-p 00000000 00:00 0\\nb6f54000-b6f56000 r-xp 00000000 00:0e 2455       /lib/libdl-2.24.so\\nb6f56000-b6f65000 ---p 00002000 00:0e 2455       /lib/libdl-2.24.so\\nb6f65000-b6f66000 r--p 00001000 00:0e 2455       /lib/libdl-2.24.so\\nb6f66000-b6f67000 rw-p 00002000 00:0e 2455       /lib/libdl-2.24.so\\nb6f67000-b6f7d000 r-xp 00000000 00:0e 2392       /lib/libpthread-2.24.so\\nb6f7d000-b6f8c000 ---p 00016000 00:0e 2392       /lib/libpthread-2.24.so\\nb6f8c000-b6f8d000 r--p 00015000 00:0e 2392       /lib/libpthread-2.24.so\\nb6f8d000-b6f8e000 rw-p 00016000 00:0e 2392       /lib/libpthread-2.24.so\\nb6f8e000-b6f90000 rw-p 00000000 00:00 0\\nb6f90000-b6fa1000 r-xp 00000000 00:0e 11177      /usr/local/frc/JRE/lib/libjli.so\\nb6fa1000-b6fb0000 ---p 00011000 00:0e 11177      /usr/local/frc/JRE/lib/libjli.so\\nb6fb0000-b6fb1000 r--p 00010000 00:0e 11177      /usr/local/frc/JRE/lib/libjli.so\\nb6fb1000-b6fb2000 rw-p 00011000 00:0e 11177      /usr/local/frc/JRE/lib/libjli.so\\nb6fb2000-b6fd2000 r-xp 00000000 00:0e 2389       /lib/ld-2.24.so\\nb6fd2000-b6fd3000 r--p 00000000 00:0e 3928       /usr/lib/locale/L1/LC_PAPER\\nb6fd3000-b6fd4000 r--p 00000000 00:0e 3924       /usr/lib/locale/L1/LC_NAME\\nb6fd4000-b6fd5000 r--p 00000000 00:0e 3926       /usr/lib/locale/L1/LC_ADDRESS\\nb6fd5000-b6fd7000 rw-p 00000000 00:00 0\\nb6fd7000-b6fd8000 r--p 00000000 00:0e 3929       /usr/lib/locale/L1/LC_TELEPHONE\\nb6fd8000-b6fd9000 r--p 00000000 00:0e 3931       /usr/lib/locale/L1/LC_MEASUREMENT\\nb6fd9000-b6fda000 r--p 00000000 00:0e 3920       /usr/lib/locale/L1/LC_IDENTIFICATION\\nb6fda000-b6fdc000 rw-p 00000000 00:00 0\\n...\\nb6fdf000-b6fe1000 rw-p 00000000 00:00 0\\nb6fe1000-b6fe2000 r--p 0001f000 00:0e 2389       /lib/ld-2.24.so\\nb6fe2000-b6fe3000 rw-p 00020000 00:0e 2389       /lib/ld-2.24.so\\nbed0a000-bed2b000 rw-p 00000000 00:00 0          [stack]\\nbed79000-bed7a000 r-xp 00000000 00:00 0          [sigpage]\\nffff0000-ffff1000 r-xp 00000000 00:00 0          [vectors]\\n\\u003c/code\\u003e\\u003c/pre\\u003e\",\"post_number\":5,\"post_type\":1,\"posts_count\":24,\"updated_at\":\"2023-08-07T02:25:57.246Z\",\"reply_count\":1,\"reply_to_post_number\":null,\"quote_count\":0,\"incoming_link_count\":6,\"reads\":398,\"readers_count\":397,\"score\":129.6,\"yours\":false,\"topic_id\":439549,\"topic_slug\":\"memory-leaks\",\"display_username\":\"joel truher\",\"primary_group_name\":null,\"flair_name\":null,\"flair_url\":null,\"flair_bg_color\":null,\"flair_color\":null,\"flair_group_id\":null,\"badges_granted\":[],\"version\":1,\"can_edit\":false,\"can_delete\":false,\"can_recover\":false,\"can_see_hidden_post\":true,\"can_wiki\":false,\"read\":true,\"user_title\":null,\"bookmarked\":false,\"actions_summary\":[{\"id\":2,\"count\":1}],\"moderator\":false,\"admin\":false,\"staff\":false,\"user_id\":53190,\"hidden\":false,\"trust_level\":2,\"deleted_at\":null,\"user_deleted\":false,\"edit_reason\":null,\"can_view_edit_history\":true,\"wiki\":false,\"user_custom_fields\":{\"user_field_4\":\"\"},\"post_url\":\"/t/memory-leaks/439549/5\",\"custom_user_title\":null,\"reactions\":[{\"id\":\"heart\",\"type\":\"emoji\",\"count\":1}],\"current_user_reaction\":null,\"reaction_users_count\":1,\"current_user_used_main_reaction\":false,\"can_accept_answer\":false,\"can_unaccept_answer\":false,\"accepted_answer\":false,\"topic_accepted_answer\":null},{\"id\":3223435,\"name\":\"Peter Johnson\",\"username\":\"Peter_Johnson\",\"avatar_template\":\"/user_avatar/www.chiefdelphi.com/peter_johnson/{size}/10417_2.png\",\"created_at\":\"2023-08-07T02:42:52.056Z\",\"cooked\":\"\\u003cp\\u003eNo, you can’t just remove opencv. It’s pulled in by cscore, which is pulled in by CameraServer, which is pulled in by RobotBase.  It shouldn’t be doing any harm, it’s just mmap’ed in, and unless it’s actually being used it shouldn’t even be pulled into physical memory.\\u003c/p\\u003e\\n\\u003cp\\u003eWe know the GC settings need additional tuning.  You could try tweaking the GC settings or downgrading to Java 11 (see \\u003ca href=\\\"https://github.com/wpilibsuite/GradleRIO#deploying-alternate-jre\\\" class=\\\"inline-onebox\\\"\\u003eGitHub - wpilibsuite/GradleRIO: The official gradle plugin for the FIRST Robotics Competition\\u003c/a\\u003e) but we will likely remove the downgrade option sometime in the future so we can start using Java 17 features in the library.\\u003c/p\\u003e\",\"post_number\":6,\"post_type\":1,\"posts_count\":24,\"updated_at\":\"2023-08-07T02:42:52.056Z\",\"reply_count\":1,\"reply_to_post_number\":null,\"quote_count\":0,\"incoming_link_count\":3,\"reads\":295,\"readers_count\":294,\"score\":79.0,\"yours\":false,\"topic_id\":439549,\"topic_slug\":\"memory-leaks\",\"display_username\":\"Peter Johnson\",\"primary_group_name\":null,\"flair_name\":null,\"flair_url\":null,\"flair_bg_color\":null,\"flair_color\":null,\"flair_group_id\":null,\"badges_granted\":[],\"version\":1,\"can_edit\":false,\"can_delete\":false,\"can_recover\":false,\"can_see_hidden_post\":true,\"can_wiki\":false,\"link_counts\":[{\"url\":\"https://github.com/wpilibsuite/GradleRIO#deploying-alternate-jre\",\"internal\":false,\"reflection\":false,\"title\":\"GitHub - wpilibsuite/GradleRIO: The official gradle plugin for the FIRST Robotics Competition\",\"clicks\":8}],\"read\":true,\"user_title\":\"\",\"bookmarked\":false,\"actions_summary\":[],\"moderator\":false,\"admin\":false,\"staff\":false,\"user_id\":13575,\"hidden\":false,\"trust_level\":2,\"deleted_at\":null,\"user_deleted\":false,\"edit_reason\":null,\"can_view_edit_history\":true,\"wiki\":false,\"user_custom_fields\":{\"user_field_4\":\"Volunteer WPILib Developer, CSA\"},\"post_url\":\"/t/memory-leaks/439549/6\",\"custom_user_title\":\"Volunteer WPILib Developer, CSA\",\"reactions\":[],\"current_user_reaction\":null,\"reaction_users_count\":0,\"current_user_used_main_reaction\":false,\"can_accept_answer\":false,\"can_unaccept_answer\":false,\"accepted_answer\":false,\"topic_accepted_answer\":null},{\"id\":3223438,\"name\":\"joel truher\",\"username\":\"truher\",\"avatar_template\":\"/user_avatar/www.chiefdelphi.com/truher/{size}/172222_2.png\",\"created_at\":\"2023-08-07T02:58:21.386Z\",\"cooked\":\"\\u003cp\\u003eheh, ok, thanks.\\u003c/p\\u003e\\n\\u003cp\\u003ere: gc tuning, i did try that a little (e.g. the serial one), and it did behave \\u003cem\\u003edifferently\\u003c/em\\u003e but it didn’t really cure the memory errors.\\u003c/p\\u003e\\n\\u003cp\\u003ewhat i really want to know is why my basic measurements seem wrong, 70MB RSS on a machine with 100MB free and it OOMs.  is there any way to look more closely into that?  i feel like i’m still far away from seeing the actual problem.  can i run valgrind on the roborio?\\u003c/p\\u003e\",\"post_number\":7,\"post_type\":1,\"posts_count\":24,\"updated_at\":\"2023-08-07T02:58:21.386Z\",\"reply_count\":1,\"reply_to_post_number\":6,\"quote_count\":0,\"incoming_link_count\":0,\"reads\":297,\"readers_count\":296,\"score\":64.4,\"yours\":false,\"topic_id\":439549,\"topic_slug\":\"memory-leaks\",\"display_username\":\"joel truher\",\"primary_group_name\":null,\"flair_name\":null,\"flair_url\":null,\"flair_bg_color\":null,\"flair_color\":null,\"flair_group_id\":null,\"badges_granted\":[],\"version\":1,\"can_edit\":false,\"can_delete\":false,\"can_recover\":false,\"can_see_hidden_post\":true,\"can_wiki\":false,\"read\":true,\"user_title\":null,\"reply_to_user\":{\"id\":13575,\"username\":\"Peter_Johnson\",\"name\":\"Peter Johnson\",\"avatar_template\":\"/user_avatar/www.chiefdelphi.com/peter_johnson/{size}/10417_2.png\"},\"bookmarked\":false,\"actions_summary\":[],\"moderator\":false,\"admin\":false,\"staff\":false,\"user_id\":53190,\"hidden\":false,\"trust_level\":2,\"deleted_at\":null,\"user_deleted\":false,\"edit_reason\":null,\"can_view_edit_history\":true,\"wiki\":false,\"user_custom_fields\":{\"user_field_4\":\"\"},\"post_url\":\"/t/memory-leaks/439549/7\",\"custom_user_title\":null,\"reactions\":[],\"current_user_reaction\":null,\"reaction_users_count\":0,\"current_user_used_main_reaction\":false,\"can_accept_answer\":false,\"can_unaccept_answer\":false,\"accepted_answer\":false,\"topic_accepted_answer\":null},{\"id\":3223440,\"name\":\"Peter Johnson\",\"username\":\"Peter_Johnson\",\"avatar_template\":\"/user_avatar/www.chiefdelphi.com/peter_johnson/{size}/10417_2.png\",\"created_at\":\"2023-08-07T03:29:57.405Z\",\"cooked\":\"\\u003cp\\u003eNot sure if /proc/buddyinfo is available on the Rio (looking at the first answer to \\u003ca href=\\\"https://serverfault.com/questions/564068/linux-oom-situation-32-bit-kernel\\\" class=\\\"inline-onebox\\\"\\u003eLinux oom situation (32 bit kernel) - Server Fault\\u003c/a\\u003e), but may be worth looking at to see if there’s a lot of allocation fragmentation happening.\\u003c/p\\u003e\\n\\u003cp\\u003eIt should be \\u003cem\\u003epossible\\u003c/em\\u003e to run valgrind (valgrind says armv7 is a supported platform), but you’ll have to compile it yourself and I’m somewhat skeptical it will work sufficiently to give you useful information.\\u003c/p\\u003e\",\"post_number\":8,\"post_type\":1,\"posts_count\":24,\"updated_at\":\"2023-08-07T03:30:47.049Z\",\"reply_count\":0,\"reply_to_post_number\":7,\"quote_count\":0,\"incoming_link_count\":6,\"reads\":281,\"readers_count\":280,\"score\":86.2,\"yours\":false,\"topic_id\":439549,\"topic_slug\":\"memory-leaks\",\"display_username\":\"Peter Johnson\",\"primary_group_name\":null,\"flair_name\":null,\"flair_url\":null,\"flair_bg_color\":null,\"flair_color\":null,\"flair_group_id\":null,\"badges_granted\":[],\"version\":1,\"can_edit\":false,\"can_delete\":false,\"can_recover\":false,\"can_see_hidden_post\":true,\"can_wiki\":false,\"link_counts\":[{\"url\":\"https://serverfault.com/questions/564068/linux-oom-situation-32-bit-kernel\",\"internal\":false,\"reflection\":false,\"title\":\"Linux oom situation (32 bit kernel) - Server Fault\",\"clicks\":3},{\"url\":\"https://www.chiefdelphi.com/t/consistent-insufficient-memory-error/454253/6\",\"internal\":true,\"reflection\":true,\"title\":\"Consistent insufficient memory error\",\"clicks\":0}],\"read\":true,\"user_title\":\"\",\"reply_to_user\":{\"id\":53190,\"username\":\"truher\",\"name\":\"joel truher\",\"avatar_template\":\"/user_avatar/www.chiefdelphi.com/truher/{size}/172222_2.png\"},\"bookmarked\":false,\"actions_summary\":[],\"moderator\":false,\"admin\":false,\"staff\":false,\"user_id\":13575,\"hidden\":false,\"trust_level\":2,\"deleted_at\":null,\"user_deleted\":false,\"edit_reason\":null,\"can_view_edit_history\":true,\"wiki\":false,\"user_custom_fields\":{\"user_field_4\":\"Volunteer WPILib Developer, CSA\"},\"post_url\":\"/t/memory-leaks/439549/8\",\"custom_user_title\":\"Volunteer WPILib Developer, CSA\",\"reactions\":[],\"current_user_reaction\":null,\"reaction_users_count\":0,\"current_user_used_main_reaction\":false,\"can_accept_answer\":false,\"can_unaccept_answer\":false,\"accepted_answer\":false,\"topic_accepted_answer\":null},{\"id\":3223455,\"name\":\"joel truher\",\"username\":\"truher\",\"avatar_template\":\"/user_avatar/www.chiefdelphi.com/truher/{size}/172222_2.png\",\"created_at\":\"2023-08-07T04:59:52.337Z\",\"cooked\":\"\\u003cp\\u003eyeah, buddyinfo exists.\\u003c/p\\u003e\\n\\u003cp\\u003ehere it is in an unhappy state:\\u003c/p\\u003e\\n\\u003cpre\\u003e\\u003ccode class=\\\"lang-auto\\\"\\u003eadmin@roboRIO-100-FRC:~# cat /proc/buddyinfo\\nNode 0, zone   Normal      1      2      8      6      1      2      0      4      3      2      3\\n\\u003c/code\\u003e\\u003c/pre\\u003e\\n\\u003cp\\u003ehere it is in a good state:\\u003c/p\\u003e\\n\\u003cpre\\u003e\\u003ccode class=\\\"lang-auto\\\"\\u003eadmin@roboRIO-100-FRC:~# cat /proc/buddyinfo\\nNode 0, zone   Normal    187    231    161     47      8      7      0      3      3      2      3\\n\\u003c/code\\u003e\\u003c/pre\\u003e\\n\\u003cp\\u003eThe difference here whether the NI webserver is running.  when it is, the robot code can run for a minute or so before OOMing on mallocs ranging from 32KB to 1MB, though there are 3 1MB pages available.  with the webserver off, the robot code runs indefinitely.  the total ram here seems about the same as the “MemFree” number, not the “MemAvailable” number, which i guess makes sense.\\u003c/p\\u003e\\n\\u003cp\\u003ei switched to the serial gc, with the webserver running, and the jmx server serving (it often crashes the robot code) and got the surprising result that the robot stayed up indefinitely, but i also got more fragmentation, which might just be caused by everything running longer.\\u003c/p\\u003e\\n\\u003cpre\\u003e\\u003ccode class=\\\"lang-auto\\\"\\u003eadmin@roboRIO-100-FRC:/tmp# cat /proc/buddyinfo\\nNode 0, zone   Normal     63    107     83     21      3      0      1      2      0      0      0\\n\\u003c/code\\u003e\\u003c/pre\\u003e\\n\\u003cp\\u003ethe serial gc pauses were reported (“Pause Young (Allocation Failure)”) as about 5ms, and G1 produced about 12ms pauses, which is kinda hard to believe actually.\\u003c/p\\u003e\\n\\u003cp\\u003ebtw, is there a normal way to make sure the NI webserver stays off?  i could remove all the rc files manually but maybe gradle could do it somehow?\\u003c/p\\u003e\",\"post_number\":9,\"post_type\":1,\"posts_count\":24,\"updated_at\":\"2023-08-07T04:59:52.337Z\",\"reply_count\":1,\"reply_to_post_number\":null,\"quote_count\":0,\"incoming_link_count\":3,\"reads\":270,\"readers_count\":269,\"score\":74.0,\"yours\":false,\"topic_id\":439549,\"topic_slug\":\"memory-leaks\",\"display_username\":\"joel truher\",\"primary_group_name\":null,\"flair_name\":null,\"flair_url\":null,\"flair_bg_color\":null,\"flair_color\":null,\"flair_group_id\":null,\"badges_granted\":[],\"version\":1,\"can_edit\":false,\"can_delete\":false,\"can_recover\":false,\"can_see_hidden_post\":true,\"can_wiki\":false,\"read\":true,\"user_title\":null,\"bookmarked\":false,\"actions_summary\":[],\"moderator\":false,\"admin\":false,\"staff\":false,\"user_id\":53190,\"hidden\":false,\"trust_level\":2,\"deleted_at\":null,\"user_deleted\":false,\"edit_reason\":null,\"can_view_edit_history\":true,\"wiki\":false,\"user_custom_fields\":{\"user_field_4\":\"\"},\"post_url\":\"/t/memory-leaks/439549/9\",\"custom_user_title\":null,\"reactions\":[],\"current_user_reaction\":null,\"reaction_users_count\":0,\"current_user_used_main_reaction\":false,\"can_accept_answer\":false,\"can_unaccept_answer\":false,\"accepted_answer\":false,\"topic_accepted_answer\":null},{\"id\":3223457,\"name\":\"Tyler Veness\",\"username\":\"calcmogul\",\"avatar_template\":\"/user_avatar/www.chiefdelphi.com/calcmogul/{size}/128045_2.png\",\"created_at\":\"2023-08-07T05:08:55.798Z\",\"cooked\":\"\\u003caside class=\\\"quote no-group\\\" data-username=\\\"truher\\\" data-post=\\\"9\\\" data-topic=\\\"439549\\\"\\u003e\\n\\u003cdiv class=\\\"title\\\"\\u003e\\n\\u003cdiv class=\\\"quote-controls\\\"\\u003e\\u003c/div\\u003e\\n\\u003cimg loading=\\\"lazy\\\" alt=\\\"\\\" width=\\\"24\\\" height=\\\"24\\\" src=\\\"https://www.chiefdelphi.com/user_avatar/www.chiefdelphi.com/truher/48/172222_2.png\\\" class=\\\"avatar\\\"\\u003e truher:\\u003c/div\\u003e\\n\\u003cblockquote\\u003e\\n\\u003cp\\u003eis there a normal way to make sure the NI webserver stays off?\\u003c/p\\u003e\\n\\u003c/blockquote\\u003e\\n\\u003c/aside\\u003e\\n\\u003cp\\u003eMy former team used these scripts to disable the service, and enable it again if we needed to reimage the roboRIO.\\u003c/p\\u003e\\u003caside class=\\\"onebox githubblob\\\" data-onebox-src=\\\"https://github.com/frc3512/Robot-2020/blob/main/tools/start_system_web_server.py\\\"\\u003e\\n  \\u003cheader class=\\\"source\\\"\\u003e\\n\\n      \\u003ca href=\\\"https://github.com/frc3512/Robot-2020/blob/main/tools/start_system_web_server.py\\\" target=\\\"_blank\\\" rel=\\\"noopener nofollow ugc\\\"\\u003egithub.com\\u003c/a\\u003e\\n  \\u003c/header\\u003e\\n\\n  \\u003carticle class=\\\"onebox-body\\\"\\u003e\\n    \\u003ch4\\u003e\\u003ca href=\\\"https://github.com/frc3512/Robot-2020/blob/main/tools/start_system_web_server.py\\\" target=\\\"_blank\\\" rel=\\\"noopener nofollow ugc\\\"\\u003efrc3512/Robot-2020/blob/main/tools/start_system_web_server.py\\u003c/a\\u003e\\u003c/h4\\u003e\\n\\n\\n      \\u003cpre\\u003e\\u003ccode class=\\\"lang-py\\\"\\u003e#!/usr/bin/env python3\\n\\nimport subprocess\\n\\nimport frcutils\\n\\nsubprocess.run([\\n    \\\"ssh\\\", f\\\"admin@{frcutils.get_roborio_ip()}\\\",\\n    \\\"/usr/local/natinst/etc/init.d/systemWebServer\\\", \\\"start\\\"\\n])\\n\\u003c/code\\u003e\\u003c/pre\\u003e\\n\\n\\n\\n\\n  \\u003c/article\\u003e\\n\\n  \\u003cdiv class=\\\"onebox-metadata\\\"\\u003e\\n    \\n    \\n  \\u003c/div\\u003e\\n\\n  \\u003cdiv style=\\\"clear: both\\\"\\u003e\\u003c/div\\u003e\\n\\u003c/aside\\u003e\\n\\u003caside class=\\\"onebox githubblob\\\" data-onebox-src=\\\"https://github.com/frc3512/Robot-2020/blob/main/tools/stop_system_web_server.py\\\"\\u003e\\n  \\u003cheader class=\\\"source\\\"\\u003e\\n\\n      \\u003ca href=\\\"https://github.com/frc3512/Robot-2020/blob/main/tools/stop_system_web_server.py\\\" target=\\\"_blank\\\" rel=\\\"noopener nofollow ugc\\\"\\u003egithub.com\\u003c/a\\u003e\\n  \\u003c/header\\u003e\\n\\n  \\u003carticle class=\\\"onebox-body\\\"\\u003e\\n    \\u003ch4\\u003e\\u003ca href=\\\"https://github.com/frc3512/Robot-2020/blob/main/tools/stop_system_web_server.py\\\" target=\\\"_blank\\\" rel=\\\"noopener nofollow ugc\\\"\\u003efrc3512/Robot-2020/blob/main/tools/stop_system_web_server.py\\u003c/a\\u003e\\u003c/h4\\u003e\\n\\n\\n      \\u003cpre\\u003e\\u003ccode class=\\\"lang-py\\\"\\u003e#!/usr/bin/env python3\\n\\nimport subprocess\\n\\nimport frcutils\\n\\nsubprocess.run([\\n    \\\"ssh\\\", f\\\"admin@{frcutils.get_roborio_ip()}\\\",\\n    \\\"/usr/local/natinst/etc/init.d/systemWebServer\\\", \\\"stop\\\"\\n])\\n\\u003c/code\\u003e\\u003c/pre\\u003e\\n\\n\\n\\n\\n  \\u003c/article\\u003e\\n\\n  \\u003cdiv class=\\\"onebox-metadata\\\"\\u003e\\n    \\n    \\n  \\u003c/div\\u003e\\n\\n  \\u003cdiv style=\\\"clear: both\\\"\\u003e\\u003c/div\\u003e\\n\\u003c/aside\\u003e\\n\\n\\u003cp\\u003eThe memory leaks would eventually cause our roboRIO to lock up (C++ RT robot program).\\u003c/p\\u003e\",\"post_number\":10,\"post_type\":1,\"posts_count\":24,\"updated_at\":\"2023-08-07T05:10:04.426Z\",\"reply_count\":0,\"reply_to_post_number\":9,\"quote_count\":1,\"incoming_link_count\":11,\"reads\":286,\"readers_count\":285,\"score\":112.2,\"yours\":false,\"topic_id\":439549,\"topic_slug\":\"memory-leaks\",\"display_username\":\"Tyler Veness\",\"primary_group_name\":null,\"flair_name\":null,\"flair_url\":null,\"flair_bg_color\":null,\"flair_color\":null,\"flair_group_id\":null,\"badges_granted\":[],\"version\":1,\"can_edit\":false,\"can_delete\":false,\"can_recover\":false,\"can_see_hidden_post\":true,\"can_wiki\":false,\"link_counts\":[{\"url\":\"https://github.com/frc3512/Robot-2020/blob/main/tools/start_system_web_server.py\",\"internal\":false,\"reflection\":false,\"clicks\":2},{\"url\":\"https://github.com/frc3512/Robot-2020/blob/main/tools/stop_system_web_server.py\",\"internal\":false,\"reflection\":false,\"clicks\":1}],\"read\":true,\"user_title\":\"\",\"bookmarked\":false,\"actions_summary\":[],\"moderator\":false,\"admin\":false,\"staff\":false,\"user_id\":16846,\"hidden\":false,\"trust_level\":2,\"deleted_at\":null,\"user_deleted\":false,\"edit_reason\":null,\"can_view_edit_history\":true,\"wiki\":false,\"user_custom_fields\":{\"user_field_4\":\"WPILib controls | Choreo optimizer backend\"},\"post_url\":\"/t/memory-leaks/439549/10\",\"custom_user_title\":\"WPILib controls | Choreo optimizer backend\",\"reactions\":[],\"current_user_reaction\":null,\"reaction_users_count\":0,\"current_user_used_main_reaction\":false,\"can_accept_answer\":false,\"can_unaccept_answer\":false,\"accepted_answer\":false,\"topic_accepted_answer\":null},{\"id\":3223601,\"name\":\"joel truher\",\"username\":\"truher\",\"avatar_template\":\"/user_avatar/www.chiefdelphi.com/truher/{size}/172222_2.png\",\"created_at\":\"2023-08-07T18:47:38.541Z\",\"cooked\":\"\\u003cp\\u003eThank you!\\u003c/p\\u003e\\n\\u003cp\\u003eFYI for the curious:\\u003c/p\\u003e\\n\\u003cp\\u003eAs an experiment, I set up a USB flash drive as swap space, and to my surprise it worked fine, it swaps out about 10MB of stuff when the jvm starts and then it leaves it alone.  it seems like the JVM needs quite a large heap to start (i.e. it fails if Xmx is below  100MB) but when running it only needs ~10MB, and gives a lot of the difference back to the kernel, so maybe if any of the swapped-out stuff needs to actually run (e.g. FRC_NetCommDaemon is one of them), it can happily return.\\u003c/p\\u003e\\n\\u003cp\\u003eanother experiment with kernel parameters (/etc/sysctl.conf)\\u003c/p\\u003e\\n\\u003cul\\u003e\\n\\u003cli\\u003eswappiness=100 (use as much swap as possible, default is 60)\\u003c/li\\u003e\\n\\u003cli\\u003evfs_cache_pressure=1000 (avoid caching files, default is 100)\\u003c/li\\u003e\\n\\u003cli\\u003eovercommit_memory=1 (always overcommit, default is 2=never)\\u003c/li\\u003e\\n\\u003cli\\u003ealso removed -XX:_AlwaysPreTouch in the jvm\\u003c/li\\u003e\\n\\u003c/ul\\u003e\\n\\u003cp\\u003ethis also worked fine, without using any swap, and also without changing the cache level much, maybe because the jvm asks for a lot of ram without using it, so there isn’t really any cache pressure or swap pressure when overcommit is unlimited.  \\u003cimg src=\\\"https://www.chiefdelphi.com/images/emoji/google/slight_smile.png?v=12\\\" title=\\\":slight_smile:\\\" class=\\\"emoji\\\" alt=\\\":slight_smile:\\\" loading=\\\"lazy\\\" width=\\\"20\\\" height=\\\"20\\\"\\u003e\\u003c/p\\u003e\\n\\u003cp\\u003ethe whole time the “available” ram remains 100MB \\u003cimg src=\\\"https://www.chiefdelphi.com/images/emoji/google/slight_smile.png?v=12\\\" title=\\\":slight_smile:\\\" class=\\\"emoji\\\" alt=\\\":slight_smile:\\\" loading=\\\"lazy\\\" width=\\\"20\\\" height=\\\"20\\\"\\u003e\\u003c/p\\u003e\",\"post_number\":11,\"post_type\":1,\"posts_count\":24,\"updated_at\":\"2023-08-07T18:47:38.541Z\",\"reply_count\":0,\"reply_to_post_number\":null,\"quote_count\":0,\"incoming_link_count\":46,\"reads\":274,\"readers_count\":273,\"score\":344.8,\"yours\":false,\"topic_id\":439549,\"topic_slug\":\"memory-leaks\",\"display_username\":\"joel truher\",\"primary_group_name\":null,\"flair_name\":null,\"flair_url\":null,\"flair_bg_color\":null,\"flair_color\":null,\"flair_group_id\":null,\"badges_granted\":[],\"version\":1,\"can_edit\":false,\"can_delete\":false,\"can_recover\":false,\"can_see_hidden_post\":true,\"can_wiki\":false,\"link_counts\":[{\"url\":\"https://www.chiefdelphi.com/t/huge-memory-usage-oom-crashes/456757/14\",\"internal\":true,\"reflection\":true,\"title\":\"Huge memory usage \\u0026 OOM crashes\",\"clicks\":2},{\"url\":\"https://www.chiefdelphi.com/t/huge-memory-usage-oom-crashes/456757/31\",\"internal\":true,\"reflection\":true,\"title\":\"Huge memory usage \\u0026 OOM crashes\",\"clicks\":0}],\"read\":true,\"user_title\":null,\"bookmarked\":false,\"actions_summary\":[{\"id\":2,\"count\":2}],\"moderator\":false,\"admin\":false,\"staff\":false,\"user_id\":53190,\"hidden\":false,\"trust_level\":2,\"deleted_at\":null,\"user_deleted\":false,\"edit_reason\":null,\"can_view_edit_history\":true,\"wiki\":false,\"user_custom_fields\":{\"user_field_4\":\"\"},\"post_url\":\"/t/memory-leaks/439549/11\",\"custom_user_title\":null,\"reactions\":[{\"id\":\"heart\",\"type\":\"emoji\",\"count\":2}],\"current_user_reaction\":null,\"reaction_users_count\":2,\"current_user_used_main_reaction\":false,\"can_accept_answer\":false,\"can_unaccept_answer\":false,\"accepted_answer\":false,\"topic_accepted_answer\":null},{\"id\":3223702,\"name\":\"joel truher\",\"username\":\"truher\",\"avatar_template\":\"/user_avatar/www.chiefdelphi.com/truher/{size}/172222_2.png\",\"created_at\":\"2023-08-08T02:34:06.131Z\",\"cooked\":\"\\u003cp\\u003eone more update, it turns out just turning off “pre-touching” works by itself, without any of the kernel parameter changes, which i can rationalize by thinking about pre-touching the ocean of actually-never-used heap that the greedy jvm allocates for itself.\\u003c/p\\u003e\\n\\u003cp\\u003ealso if you want to muck with the rio config, you can do it with gradlerio.  we made an “etc” directory next to the “deploy” directory, so add these to the “artifacts” list under the “deploy” one:\\u003c/p\\u003e\\n\\u003cpre\\u003e\\u003ccode class=\\\"lang-auto\\\"\\u003e    frcStaticFileDeploy(getArtifactTypeClass('FileTreeArtifact')) {\\n        files = project.fileTree('src/main/etc')\\n        directory = '/etc'\\n    }\\n    reloadSysctl(getArtifactTypeClass('CommandArtifact')) {\\n        command = 'sysctl -p'\\n    }\\n\\u003c/code\\u003e\\u003c/pre\\u003e\",\"post_number\":12,\"post_type\":1,\"posts_count\":24,\"updated_at\":\"2023-08-08T02:34:06.131Z\",\"reply_count\":1,\"reply_to_post_number\":null,\"quote_count\":0,\"incoming_link_count\":3,\"reads\":252,\"readers_count\":251,\"score\":70.4,\"yours\":false,\"topic_id\":439549,\"topic_slug\":\"memory-leaks\",\"display_username\":\"joel truher\",\"primary_group_name\":null,\"flair_name\":null,\"flair_url\":null,\"flair_bg_color\":null,\"flair_color\":null,\"flair_group_id\":null,\"badges_granted\":[],\"version\":1,\"can_edit\":false,\"can_delete\":false,\"can_recover\":false,\"can_see_hidden_post\":true,\"can_wiki\":false,\"read\":true,\"user_title\":null,\"bookmarked\":false,\"actions_summary\":[],\"moderator\":false,\"admin\":false,\"staff\":false,\"user_id\":53190,\"hidden\":false,\"trust_level\":2,\"deleted_at\":null,\"user_deleted\":false,\"edit_reason\":null,\"can_view_edit_history\":true,\"wiki\":false,\"user_custom_fields\":{\"user_field_4\":\"\"},\"post_url\":\"/t/memory-leaks/439549/12\",\"custom_user_title\":null,\"reactions\":[],\"current_user_reaction\":null,\"reaction_users_count\":0,\"current_user_used_main_reaction\":false,\"can_accept_answer\":false,\"can_unaccept_answer\":false,\"accepted_answer\":false,\"topic_accepted_answer\":null},{\"id\":3223708,\"name\":\"joel truher\",\"username\":\"truher\",\"avatar_template\":\"/user_avatar/www.chiefdelphi.com/truher/{size}/172222_2.png\",\"created_at\":\"2023-08-08T02:47:47.924Z\",\"cooked\":\"\\u003cp\\u003eha ha ok, i was wrong, i had turned off the webserver during the no-pre-touching-only test.\\u003c/p\\u003e\\n\\u003cp\\u003ewith the webserver on, you need both jvm no-pre-touching \\u003cem\\u003eand\\u003c/em\\u003e kernel infinite-over-committing, but you don’t need swap or hyper-cache-pressure.\\u003c/p\\u003e\\n\\u003cp\\u003e\\u003cem\\u003ethen\\u003c/em\\u003e it works fine.  \\u003cimg src=\\\"https://www.chiefdelphi.com/images/emoji/google/slight_smile.png?v=12\\\" title=\\\":slight_smile:\\\" class=\\\"emoji\\\" alt=\\\":slight_smile:\\\" loading=\\\"lazy\\\" width=\\\"20\\\" height=\\\"20\\\"\\u003e\\u003c/p\\u003e\",\"post_number\":13,\"post_type\":1,\"posts_count\":24,\"updated_at\":\"2023-08-08T02:49:01.928Z\",\"reply_count\":0,\"reply_to_post_number\":12,\"quote_count\":0,\"incoming_link_count\":3,\"reads\":234,\"readers_count\":233,\"score\":91.8,\"yours\":false,\"topic_id\":439549,\"topic_slug\":\"memory-leaks\",\"display_username\":\"joel truher\",\"primary_group_name\":null,\"flair_name\":null,\"flair_url\":null,\"flair_bg_color\":null,\"flair_color\":null,\"flair_group_id\":null,\"badges_granted\":[],\"version\":1,\"can_edit\":false,\"can_delete\":false,\"can_recover\":false,\"can_see_hidden_post\":true,\"can_wiki\":false,\"link_counts\":[{\"url\":\"https://www.chiefdelphi.com/t/huge-memory-usage-oom-crashes/456757/22\",\"internal\":true,\"reflection\":true,\"title\":\"Huge memory usage \\u0026 OOM crashes\",\"clicks\":1}],\"read\":true,\"user_title\":null,\"reply_to_user\":{\"id\":53190,\"username\":\"truher\",\"name\":\"joel truher\",\"avatar_template\":\"/user_avatar/www.chiefdelphi.com/truher/{size}/172222_2.png\"},\"bookmarked\":false,\"actions_summary\":[{\"id\":2,\"count\":2}],\"moderator\":false,\"admin\":false,\"staff\":false,\"user_id\":53190,\"hidden\":false,\"trust_level\":2,\"deleted_at\":null,\"user_deleted\":false,\"edit_reason\":null,\"can_view_edit_history\":true,\"wiki\":false,\"user_custom_fields\":{\"user_field_4\":\"\"},\"post_url\":\"/t/memory-leaks/439549/13\",\"custom_user_title\":null,\"reactions\":[{\"id\":\"heart\",\"type\":\"emoji\",\"count\":2}],\"current_user_reaction\":null,\"reaction_users_count\":2,\"current_user_used_main_reaction\":false,\"can_accept_answer\":false,\"can_unaccept_answer\":false,\"accepted_answer\":false,\"topic_accepted_answer\":null},{\"id\":3303118,\"name\":\"fovea1959\",\"username\":\"fovea1959\",\"avatar_template\":\"/user_avatar/www.chiefdelphi.com/fovea1959/{size}/5301_2.png\",\"created_at\":\"2024-02-06T16:30:50.975Z\",\"cooked\":\"\\u003caside class=\\\"quote no-group\\\" data-username=\\\"truher\\\" data-post=\\\"5\\\" data-topic=\\\"439549\\\"\\u003e\\n\\u003cdiv class=\\\"title\\\"\\u003e\\n\\u003cdiv class=\\\"quote-controls\\\"\\u003e\\u003c/div\\u003e\\n\\u003cimg loading=\\\"lazy\\\" alt=\\\"\\\" width=\\\"24\\\" height=\\\"24\\\" src=\\\"https://www.chiefdelphi.com/user_avatar/www.chiefdelphi.com/truher/48/172222_2.png\\\" class=\\\"avatar\\\"\\u003e truher:\\u003c/div\\u003e\\n\\u003cblockquote\\u003e\\n\\u003cp\\u003eI produced a heap dump (using jmx) and looked at it with VisualVM. It was both unremarkable and tiny, under 4MB.\\u003c/p\\u003e\\n\\u003c/blockquote\\u003e\\n\\u003c/aside\\u003e\\n\\u003cp\\u003ewe’re starting to hit memory allocation errors when we added YAGSL, and this thread has given me lots to try (adding swap space, killing the NI webserver, checking the filesystem that console logging goes to).\\u003c/p\\u003e\\n\\u003cp\\u003equestions:\\u003c/p\\u003e\\n\\u003col\\u003e\\n\\u003cli\\u003e\\n\\u003cp\\u003eIt’s been years (2020) since I’ve done anything with jconsole, jstatd, etc, on the roboRIO. As I recall, I had to find the appropriate jstatd for the JVM used. Does anyone have a pointer on where to find the appropriate one for the current JVM?\\u003c/p\\u003e\\n\\u003c/li\\u003e\\n\\u003cli\\u003e\\n\\u003cp\\u003eI had to do something in build.gradle to change the command line used when the robot code was started, so that JMX was enabled when the JVM was started. Does anyone know what that was?\\u003c/p\\u003e\\n\\u003c/li\\u003e\\n\\u003cli\\u003e\\n\\u003cp\\u003eUsing a different garbage collector: does anyone have any recommendation as to what to change it to, and what parameters might be helpful?\\u003c/p\\u003e\\n\\u003c/li\\u003e\\n\\u003c/ol\\u003e\",\"post_number\":14,\"post_type\":1,\"posts_count\":24,\"updated_at\":\"2024-02-06T16:30:50.975Z\",\"reply_count\":3,\"reply_to_post_number\":5,\"quote_count\":1,\"incoming_link_count\":2,\"reads\":207,\"readers_count\":206,\"score\":66.4,\"yours\":false,\"topic_id\":439549,\"topic_slug\":\"memory-leaks\",\"display_username\":\"fovea1959\",\"primary_group_name\":null,\"flair_name\":null,\"flair_url\":null,\"flair_bg_color\":null,\"flair_color\":null,\"flair_group_id\":null,\"badges_granted\":[],\"version\":1,\"can_edit\":false,\"can_delete\":false,\"can_recover\":false,\"can_see_hidden_post\":true,\"can_wiki\":false,\"read\":true,\"user_title\":\"\",\"bookmarked\":false,\"actions_summary\":[],\"moderator\":false,\"admin\":false,\"staff\":false,\"user_id\":15648,\"hidden\":false,\"trust_level\":2,\"deleted_at\":null,\"user_deleted\":false,\"edit_reason\":null,\"can_view_edit_history\":true,\"wiki\":false,\"user_custom_fields\":{\"user_field_4\":\"Herder of 3620 Programmers / LRI / CSA\"},\"post_url\":\"/t/memory-leaks/439549/14\",\"custom_user_title\":\"Herder of 3620 Programmers / LRI / CSA\",\"reactions\":[],\"current_user_reaction\":null,\"reaction_users_count\":0,\"current_user_used_main_reaction\":false,\"can_accept_answer\":false,\"can_unaccept_answer\":false,\"accepted_answer\":false,\"topic_accepted_answer\":null},{\"id\":3303122,\"name\":\"fovea1959\",\"username\":\"fovea1959\",\"avatar_template\":\"/user_avatar/www.chiefdelphi.com/fovea1959/{size}/5301_2.png\",\"created_at\":\"2024-02-06T16:35:59.505Z\",\"cooked\":\"\\u003cp\\u003e…and ignore question 2.\\u003c/p\\u003e\\n\\u003cp\\u003e\\u003ca href=\\\"https://docs.wpilib.org/en/stable/docs/software/advanced-gradlerio/compiler-args.html\\\" class=\\\"onebox\\\" target=\\\"_blank\\\" rel=\\\"noopener nofollow ugc\\\"\\u003ehttps://docs.wpilib.org/en/stable/docs/software/advanced-gradlerio/compiler-args.html\\u003c/a\\u003e\\u003c/p\\u003e\",\"post_number\":15,\"post_type\":1,\"posts_count\":24,\"updated_at\":\"2024-02-06T16:35:59.505Z\",\"reply_count\":0,\"reply_to_post_number\":14,\"quote_count\":0,\"incoming_link_count\":1,\"reads\":197,\"readers_count\":196,\"score\":44.4,\"yours\":false,\"topic_id\":439549,\"topic_slug\":\"memory-leaks\",\"display_username\":\"fovea1959\",\"primary_group_name\":null,\"flair_name\":null,\"flair_url\":null,\"flair_bg_color\":null,\"flair_color\":null,\"flair_group_id\":null,\"badges_granted\":[],\"version\":1,\"can_edit\":false,\"can_delete\":false,\"can_recover\":false,\"can_see_hidden_post\":true,\"can_wiki\":false,\"link_counts\":[{\"url\":\"https://docs.wpilib.org/en/stable/docs/software/advanced-gradlerio/compiler-args.html\",\"internal\":false,\"reflection\":false,\"clicks\":9}],\"read\":true,\"user_title\":\"\",\"reply_to_user\":{\"id\":15648,\"username\":\"fovea1959\",\"name\":\"fovea1959\",\"avatar_template\":\"/user_avatar/www.chiefdelphi.com/fovea1959/{size}/5301_2.png\"},\"bookmarked\":false,\"actions_summary\":[],\"moderator\":false,\"admin\":false,\"staff\":false,\"user_id\":15648,\"hidden\":false,\"trust_level\":2,\"deleted_at\":null,\"user_deleted\":false,\"edit_reason\":null,\"can_view_edit_history\":true,\"wiki\":false,\"user_custom_fields\":{\"user_field_4\":\"Herder of 3620 Programmers / LRI / CSA\"},\"post_url\":\"/t/memory-leaks/439549/15\",\"custom_user_title\":\"Herder of 3620 Programmers / LRI / CSA\",\"reactions\":[],\"current_user_reaction\":null,\"reaction_users_count\":0,\"current_user_used_main_reaction\":false,\"can_accept_answer\":false,\"can_unaccept_answer\":false,\"accepted_answer\":false,\"topic_accepted_answer\":null},{\"id\":3303473,\"name\":\"Peter Johnson\",\"username\":\"Peter_Johnson\",\"avatar_template\":\"/user_avatar/www.chiefdelphi.com/peter_johnson/{size}/10417_2.png\",\"created_at\":\"2024-02-06T21:00:41.135Z\",\"cooked\":\"\\u003cp\\u003eFor (3) see \\u003ca href=\\\"https://github.com/wpilibsuite/GradleRIO?tab=readme-ov-file#using-alternate-garbage-collector\\\" class=\\\"inline-onebox\\\"\\u003eGitHub - wpilibsuite/GradleRIO: The official gradle plugin for the FIRST Robotics Competition\\u003c/a\\u003e\\u003c/p\\u003e\\n\\u003cp\\u003eWe switched the default GC from G1 to Serial for 2024 based on some benchmarking. It appears the settings we were using for G1 may not have been great, as we might not have been giving it enough time to actually GC to stay ahead of highly allocating code. We also removed pretouch.\\u003c/p\\u003e\",\"post_number\":16,\"post_type\":1,\"posts_count\":24,\"updated_at\":\"2024-02-06T21:02:01.068Z\",\"reply_count\":1,\"reply_to_post_number\":14,\"quote_count\":0,\"incoming_link_count\":0,\"reads\":187,\"readers_count\":186,\"score\":42.4,\"yours\":false,\"topic_id\":439549,\"topic_slug\":\"memory-leaks\",\"display_username\":\"Peter Johnson\",\"primary_group_name\":null,\"flair_name\":null,\"flair_url\":null,\"flair_bg_color\":null,\"flair_color\":null,\"flair_group_id\":null,\"badges_granted\":[],\"version\":1,\"can_edit\":false,\"can_delete\":false,\"can_recover\":false,\"can_see_hidden_post\":true,\"can_wiki\":false,\"link_counts\":[{\"url\":\"https://github.com/wpilibsuite/GradleRIO?tab=readme-ov-file#using-alternate-garbage-collector\",\"internal\":false,\"reflection\":false,\"title\":\"GitHub - wpilibsuite/GradleRIO: The official gradle plugin for the FIRST Robotics Competition\",\"clicks\":14}],\"read\":true,\"user_title\":\"\",\"reply_to_user\":{\"id\":15648,\"username\":\"fovea1959\",\"name\":\"fovea1959\",\"avatar_template\":\"/user_avatar/www.chiefdelphi.com/fovea1959/{size}/5301_2.png\"},\"bookmarked\":false,\"actions_summary\":[],\"moderator\":false,\"admin\":false,\"staff\":false,\"user_id\":13575,\"hidden\":false,\"trust_level\":2,\"deleted_at\":null,\"user_deleted\":false,\"edit_reason\":null,\"can_view_edit_history\":true,\"wiki\":false,\"user_custom_fields\":{\"user_field_4\":\"Volunteer WPILib Developer, CSA\"},\"post_url\":\"/t/memory-leaks/439549/16\",\"custom_user_title\":\"Volunteer WPILib Developer, CSA\",\"reactions\":[],\"current_user_reaction\":null,\"reaction_users_count\":0,\"current_user_used_main_reaction\":false,\"can_accept_answer\":false,\"can_unaccept_answer\":false,\"accepted_answer\":false,\"topic_accepted_answer\":null},{\"id\":3303692,\"name\":\"fovea1959\",\"username\":\"fovea1959\",\"avatar_template\":\"/user_avatar/www.chiefdelphi.com/fovea1959/{size}/5301_2.png\",\"created_at\":\"2024-02-07T01:36:49.536Z\",\"cooked\":\"\\u003cp\\u003eare the setting referred to in that article the defaults for G1?\\u003c/p\\u003e\",\"post_number\":17,\"post_type\":1,\"posts_count\":24,\"updated_at\":\"2024-02-07T01:36:49.536Z\",\"reply_count\":1,\"reply_to_post_number\":16,\"quote_count\":0,\"incoming_link_count\":1,\"reads\":172,\"readers_count\":171,\"score\":44.4,\"yours\":false,\"topic_id\":439549,\"topic_slug\":\"memory-leaks\",\"display_username\":\"fovea1959\",\"primary_group_name\":null,\"flair_name\":null,\"flair_url\":null,\"flair_bg_color\":null,\"flair_color\":null,\"flair_group_id\":null,\"badges_granted\":[],\"version\":1,\"can_edit\":false,\"can_delete\":false,\"can_recover\":false,\"can_see_hidden_post\":true,\"can_wiki\":false,\"read\":true,\"user_title\":\"\",\"reply_to_user\":{\"id\":13575,\"username\":\"Peter_Johnson\",\"name\":\"Peter Johnson\",\"avatar_template\":\"/user_avatar/www.chiefdelphi.com/peter_johnson/{size}/10417_2.png\"},\"bookmarked\":false,\"actions_summary\":[],\"moderator\":false,\"admin\":false,\"staff\":false,\"user_id\":15648,\"hidden\":false,\"trust_level\":2,\"deleted_at\":null,\"user_deleted\":false,\"edit_reason\":null,\"can_view_edit_history\":true,\"wiki\":false,\"user_custom_fields\":{\"user_field_4\":\"Herder of 3620 Programmers / LRI / CSA\"},\"post_url\":\"/t/memory-leaks/439549/17\",\"custom_user_title\":\"Herder of 3620 Programmers / LRI / CSA\",\"reactions\":[],\"current_user_reaction\":null,\"reaction_users_count\":0,\"current_user_used_main_reaction\":false,\"can_accept_answer\":false,\"can_unaccept_answer\":false,\"accepted_answer\":false,\"topic_accepted_answer\":null},{\"id\":3303801,\"name\":\"Peter Johnson\",\"username\":\"Peter_Johnson\",\"avatar_template\":\"/user_avatar/www.chiefdelphi.com/peter_johnson/{size}/10417_2.png\",\"created_at\":\"2024-02-07T03:51:45.326Z\",\"cooked\":\"\\u003cp\\u003eThey are not the JVM defaults.  They are what we used last year.  E.g. the JVM default for max pause time is 200 ms.\\u003c/p\\u003e\",\"post_number\":18,\"post_type\":1,\"posts_count\":24,\"updated_at\":\"2024-02-07T03:54:13.696Z\",\"reply_count\":1,\"reply_to_post_number\":17,\"quote_count\":0,\"incoming_link_count\":1,\"reads\":165,\"readers_count\":164,\"score\":43.0,\"yours\":false,\"topic_id\":439549,\"topic_slug\":\"memory-leaks\",\"display_username\":\"Peter Johnson\",\"primary_group_name\":null,\"flair_name\":null,\"flair_url\":null,\"flair_bg_color\":null,\"flair_color\":null,\"flair_group_id\":null,\"badges_granted\":[],\"version\":1,\"can_edit\":false,\"can_delete\":false,\"can_recover\":false,\"can_see_hidden_post\":true,\"can_wiki\":false,\"read\":true,\"user_title\":\"\",\"reply_to_user\":{\"id\":15648,\"username\":\"fovea1959\",\"name\":\"fovea1959\",\"avatar_template\":\"/user_avatar/www.chiefdelphi.com/fovea1959/{size}/5301_2.png\"},\"bookmarked\":false,\"actions_summary\":[],\"moderator\":false,\"admin\":false,\"staff\":false,\"user_id\":13575,\"hidden\":false,\"trust_level\":2,\"deleted_at\":null,\"user_deleted\":false,\"edit_reason\":null,\"can_view_edit_history\":true,\"wiki\":false,\"user_custom_fields\":{\"user_field_4\":\"Volunteer WPILib Developer, CSA\"},\"post_url\":\"/t/memory-leaks/439549/18\",\"custom_user_title\":\"Volunteer WPILib Developer, CSA\",\"reactions\":[],\"current_user_reaction\":null,\"reaction_users_count\":0,\"current_user_used_main_reaction\":false,\"can_accept_answer\":false,\"can_unaccept_answer\":false,\"accepted_answer\":false,\"topic_accepted_answer\":null},{\"id\":3303808,\"name\":\"fovea1959\",\"username\":\"fovea1959\",\"avatar_template\":\"/user_avatar/www.chiefdelphi.com/fovea1959/{size}/5301_2.png\",\"created_at\":\"2024-02-07T03:58:48.927Z\",\"cooked\":\"\\u003cp\\u003ethanks. will test. top was showing the VSZ of the java process cycling between 172 and 238 Mb really fast; \\u003cem\\u003esomething\\u003c/em\\u003e in there is allocating and abandoning memory really fast.\\u003c/p\\u003e\",\"post_number\":19,\"post_type\":1,\"posts_count\":24,\"updated_at\":\"2024-02-07T03:58:48.927Z\",\"reply_count\":0,\"reply_to_post_number\":18,\"quote_count\":0,\"incoming_link_count\":0,\"reads\":163,\"readers_count\":162,\"score\":32.6,\"yours\":false,\"topic_id\":439549,\"topic_slug\":\"memory-leaks\",\"display_username\":\"fovea1959\",\"primary_group_name\":null,\"flair_name\":null,\"flair_url\":null,\"flair_bg_color\":null,\"flair_color\":null,\"flair_group_id\":null,\"badges_granted\":[],\"version\":1,\"can_edit\":false,\"can_delete\":false,\"can_recover\":false,\"can_see_hidden_post\":true,\"can_wiki\":false,\"read\":true,\"user_title\":\"\",\"reply_to_user\":{\"id\":13575,\"username\":\"Peter_Johnson\",\"name\":\"Peter Johnson\",\"avatar_template\":\"/user_avatar/www.chiefdelphi.com/peter_johnson/{size}/10417_2.png\"},\"bookmarked\":false,\"actions_summary\":[],\"moderator\":false,\"admin\":false,\"staff\":false,\"user_id\":15648,\"hidden\":false,\"trust_level\":2,\"deleted_at\":null,\"user_deleted\":false,\"edit_reason\":null,\"can_view_edit_history\":true,\"wiki\":false,\"user_custom_fields\":{\"user_field_4\":\"Herder of 3620 Programmers / LRI / CSA\"},\"post_url\":\"/t/memory-leaks/439549/19\",\"custom_user_title\":\"Herder of 3620 Programmers / LRI / CSA\",\"reactions\":[],\"current_user_reaction\":null,\"reaction_users_count\":0,\"current_user_used_main_reaction\":false,\"can_accept_answer\":false,\"can_unaccept_answer\":false,\"accepted_answer\":false,\"topic_accepted_answer\":null},{\"id\":3304037,\"name\":\"fovea1959\",\"username\":\"fovea1959\",\"avatar_template\":\"/user_avatar/www.chiefdelphi.com/fovea1959/{size}/5301_2.png\",\"created_at\":\"2024-02-07T15:42:54.418Z\",\"cooked\":\"\\u003caside class=\\\"quote no-group\\\" data-username=\\\"fovea1959\\\" data-post=\\\"14\\\" data-topic=\\\"439549\\\"\\u003e\\n\\u003cdiv class=\\\"title\\\"\\u003e\\n\\u003cdiv class=\\\"quote-controls\\\"\\u003e\\u003c/div\\u003e\\n\\u003cimg loading=\\\"lazy\\\" alt=\\\"\\\" width=\\\"24\\\" height=\\\"24\\\" src=\\\"https://www.chiefdelphi.com/user_avatar/www.chiefdelphi.com/fovea1959/48/5301_2.png\\\" class=\\\"avatar\\\"\\u003e fovea1959:\\u003c/div\\u003e\\n\\u003cblockquote\\u003e\\n\\u003cp\\u003eIt’s been years (2020) since I’ve done anything with jconsole, jstatd, etc, on the roboRIO. As I recall, I had to find the appropriate jstatd for the JVM used. Does anyone have a pointer on where to find the appropriate one for the current JVM?\\u003c/p\\u003e\\n\\u003c/blockquote\\u003e\\n\\u003c/aside\\u003e\\n\\u003cp\\u003eok. I found the \\u003ca href=\\\"https://www.chiefdelphi.com/t/jstatd-on-the-roborio/378583/3\\\"\\u003enotes on doing getting jstatd running on the roboRIO\\u003c/a\\u003e from 2020, so that I could use visualvm.\\u003c/p\\u003e\\n\\u003cp\\u003eUnfortunately, it appears that jstatd is part of the JDK rather than the JRE, and I cannot find JDK 17 for ARM 32 soft float.\\u003c/p\\u003e\\n\\u003cp\\u003eHow do people determine where their memory is going now (I used to use visualvm)? The only thing I can think of is to force a heap dump?\\u003c/p\\u003e\",\"post_number\":20,\"post_type\":1,\"posts_count\":24,\"updated_at\":\"2024-02-07T15:42:54.418Z\",\"reply_count\":1,\"reply_to_post_number\":14,\"quote_count\":1,\"incoming_link_count\":0,\"reads\":149,\"readers_count\":148,\"score\":34.8,\"yours\":false,\"topic_id\":439549,\"topic_slug\":\"memory-leaks\",\"display_username\":\"fovea1959\",\"primary_group_name\":null,\"flair_name\":null,\"flair_url\":null,\"flair_bg_color\":null,\"flair_color\":null,\"flair_group_id\":null,\"badges_granted\":[],\"version\":1,\"can_edit\":false,\"can_delete\":false,\"can_recover\":false,\"can_see_hidden_post\":true,\"can_wiki\":false,\"link_counts\":[{\"url\":\"https://www.chiefdelphi.com/t/jstatd-on-the-roborio/378583/3\",\"internal\":true,\"reflection\":false,\"title\":\"Jstatd on the roboRIO\",\"clicks\":0}],\"read\":true,\"user_title\":\"\",\"bookmarked\":false,\"actions_summary\":[],\"moderator\":false,\"admin\":false,\"staff\":false,\"user_id\":15648,\"hidden\":false,\"trust_level\":2,\"deleted_at\":null,\"user_deleted\":false,\"edit_reason\":null,\"can_view_edit_history\":true,\"wiki\":false,\"user_custom_fields\":{\"user_field_4\":\"Herder of 3620 Programmers / LRI / CSA\"},\"post_url\":\"/t/memory-leaks/439549/20\",\"custom_user_title\":\"Herder of 3620 Programmers / LRI / CSA\",\"reactions\":[],\"current_user_reaction\":null,\"reaction_users_count\":0,\"current_user_used_main_reaction\":false,\"can_accept_answer\":false,\"can_unaccept_answer\":false,\"accepted_answer\":false,\"topic_accepted_answer\":null}],\"stream\":[3223294,3223296,3223324,3223415,3223430,3223435,3223438,3223440,3223455,3223457,3223601,3223702,3223708,3303118,3303122,3303473,3303692,3303801,3303808,3304037,3304174,3304632,3304664,3504784]},\"timeline_lookup\":[[1,798],[3,797],[11,796],[14,613],[20,612],[24,247]],\"tags\":[],\"tags_descriptions\":{},\"fancy_title\":\"Memory Leaks\",\"id\":439549,\"title\":\"Memory Leaks\",\"posts_count\":24,\"created_at\":\"2023-08-06T05:13:33.090Z\",\"views\":2846,\"reply_count\":15,\"like_count\":10,\"last_posted_at\":\"2025-02-07T04:09:48.061Z\",\"visible\":true,\"closed\":true,\"archived\":false,\"has_summary\":false,\"archetype\":\"regular\",\"slug\":\"memory-leaks\",\"category_id\":30,\"word_count\":7286,\"deleted_at\":null,\"user_id\":53190,\"featured_link\":null,\"pinned_globally\":false,\"pinned_at\":null,\"pinned_until\":null,\"image_url\":null,\"slow_mode_seconds\":0,\"draft\":null,\"draft_key\":\"topic_439549\",\"draft_sequence\":null,\"unpinned\":null,\"pinned\":false,\"current_post_number\":1,\"highest_post_number\":24,\"deleted_by\":null,\"actions_summary\":[{\"id\":4,\"count\":0,\"hidden\":false,\"can_act\":false},{\"id\":8,\"count\":0,\"hidden\":false,\"can_act\":false},{\"id\":10,\"count\":0,\"hidden\":false,\"can_act\":false},{\"id\":7,\"count\":0,\"hidden\":false,\"can_act\":false}],\"chunk_size\":20,\"bookmarked\":false,\"topic_timer\":null,\"message_bus_last_id\":0,\"participant_count\":6,\"show_read_indicator\":false,\"thumbnails\":null,\"slow_mode_enabled_until\":null,\"valid_reactions\":[\"heart\",\"laughing\",\"point_up\",\"+1\",\"-1\",\"100\",\"open_mouth\",\"cry\",\"question\",\"thinking\",\"call_me_hand\",\"hugs\",\"angry\"],\"user_chosen_thumbnail_url\":null,\"sidecar_installed\":true,\"can_vote\":false,\"vote_count\":0,\"user_voted\":false,\"discourse_zendesk_plugin_zendesk_id\":null,\"discourse_zendesk_plugin_zendesk_url\":\"https://your-url.zendesk.com/agent/tickets/\",\"details\":{\"can_edit\":false,\"notification_level\":1,\"participants\":[{\"id\":53190,\"username\":\"truher\",\"name\":\"joel truher\",\"avatar_template\":\"/user_avatar/www.chiefdelphi.com/truher/{size}/172222_2.png\",\"post_count\":8,\"primary_group_name\":null,\"flair_name\":null,\"flair_url\":null,\"flair_color\":null,\"flair_bg_color\":null,\"flair_group_id\":null,\"trust_level\":2},{\"id\":13575,\"username\":\"Peter_Johnson\",\"name\":\"Peter Johnson\",\"avatar_template\":\"/user_avatar/www.chiefdelphi.com/peter_johnson/{size}/10417_2.png\",\"post_count\":6,\"primary_group_name\":null,\"flair_name\":null,\"flair_url\":null,\"flair_color\":null,\"flair_bg_color\":null,\"flair_group_id\":null,\"trust_level\":2},{\"id\":15648,\"username\":\"fovea1959\",\"name\":\"fovea1959\",\"avatar_template\":\"/user_avatar/www.chiefdelphi.com/fovea1959/{size}/5301_2.png\",\"post_count\":6,\"primary_group_name\":null,\"flair_name\":null,\"flair_url\":null,\"flair_color\":null,\"flair_bg_color\":null,\"flair_group_id\":null,\"trust_level\":2},{\"id\":14283,\"username\":\"nuttle\",\"name\":\"Allen Nuttle\",\"avatar_template\":\"/user_avatar/www.chiefdelphi.com/nuttle/{size}/124105_2.png\",\"post_count\":1,\"primary_group_name\":null,\"flair_name\":null,\"flair_url\":null,\"flair_color\":null,\"flair_bg_color\":null,\"flair_group_id\":null,\"trust_level\":2},{\"id\":16846,\"username\":\"calcmogul\",\"name\":\"Tyler Veness\",\"avatar_template\":\"/user_avatar/www.chiefdelphi.com/calcmogul/{size}/128045_2.png\",\"post_count\":1,\"primary_group_name\":null,\"flair_name\":null,\"flair_url\":null,\"flair_color\":null,\"flair_bg_color\":null,\"flair_group_id\":null,\"trust_level\":2},{\"id\":51887,\"username\":\"nstrike\",\"name\":\"\",\"avatar_template\":\"/user_avatar/www.chiefdelphi.com/nstrike/{size}/167038_2.png\",\"post_count\":1,\"primary_group_name\":null,\"flair_name\":null,\"flair_url\":null,\"flair_color\":null,\"flair_bg_color\":null,\"flair_group_id\":null,\"trust_level\":2}],\"created_by\":{\"id\":53190,\"username\":\"truher\",\"name\":\"joel truher\",\"avatar_template\":\"/user_avatar/www.chiefdelphi.com/truher/{size}/172222_2.png\"},\"last_poster\":{\"id\":-1,\"username\":\"system\",\"name\":\"system\",\"avatar_template\":\"/uploads/default/original/4X/9/3/2/93234578e69f55873c63fc00fe2d0d85f23bce55.png\"},\"links\":[{\"url\":\"https://github.com/wpilibsuite/GradleRIO?tab=readme-ov-file#using-alternate-garbage-collector\",\"title\":\"GitHub - wpilibsuite/GradleRIO: The official gradle plugin for the FIRST Robotics Competition\",\"internal\":false,\"attachment\":false,\"reflection\":false,\"clicks\":14,\"user_id\":13575,\"domain\":\"github.com\",\"root_domain\":\"github.com\"},{\"url\":\"https://docs.wpilib.org/en/stable/docs/software/advanced-gradlerio/compiler-args.html\",\"title\":null,\"internal\":false,\"attachment\":false,\"reflection\":false,\"clicks\":9,\"user_id\":15648,\"domain\":\"docs.wpilib.org\",\"root_domain\":\"wpilib.org\"},{\"url\":\"https://github.com/wpilibsuite/GradleRIO#deploying-alternate-jre\",\"title\":\"GitHub - wpilibsuite/GradleRIO: The official gradle plugin for the FIRST Robotics Competition\",\"internal\":false,\"attachment\":false,\"reflection\":false,\"clicks\":8,\"user_id\":13575,\"domain\":\"github.com\",\"root_domain\":\"github.com\"},{\"url\":\"https://github.com/wpilibsuite/frc-openjdk-roborio\",\"title\":\"GitHub - wpilibsuite/frc-openjdk-roborio: OpenJDK builds for FRC RoboRIO\",\"internal\":false,\"attachment\":false,\"reflection\":false,\"clicks\":7,\"user_id\":13575,\"domain\":\"github.com\",\"root_domain\":\"github.com\"},{\"url\":\"https://serverfault.com/questions/564068/linux-oom-situation-32-bit-kernel\",\"title\":\"Linux oom situation (32 bit kernel) - Server Fault\",\"internal\":false,\"attachment\":false,\"reflection\":false,\"clicks\":3,\"user_id\":13575,\"domain\":\"serverfault.com\",\"root_domain\":\"serverfault.com\"},{\"url\":\"https://github.com/frc3512/Robot-2020/blob/main/tools/start_system_web_server.py\",\"title\":null,\"internal\":false,\"attachment\":false,\"reflection\":false,\"clicks\":2,\"user_id\":16846,\"domain\":\"github.com\",\"root_domain\":\"github.com\"},{\"url\":\"https://www.chiefdelphi.com/t/huge-memory-usage-oom-crashes/456757/14\",\"title\":\"Huge memory usage \\u0026 OOM crashes\",\"internal\":true,\"attachment\":false,\"reflection\":true,\"clicks\":2,\"user_id\":13575,\"domain\":\"www.chiefdelphi.com\",\"root_domain\":\"chiefdelphi.com\"},{\"url\":\"https://github.com/frc3512/Robot-2020/blob/main/tools/stop_system_web_server.py\",\"title\":null,\"internal\":false,\"attachment\":false,\"reflection\":false,\"clicks\":1,\"user_id\":16846,\"domain\":\"github.com\",\"root_domain\":\"github.com\"},{\"url\":\"https://www.chiefdelphi.com/t/huge-memory-usage-oom-crashes/456757/22\",\"title\":\"Huge memory usage \\u0026 OOM crashes\",\"internal\":true,\"attachment\":false,\"reflection\":true,\"clicks\":1,\"user_id\":36169,\"domain\":\"www.chiefdelphi.com\",\"root_domain\":\"chiefdelphi.com\"}]},\"bookmarks\":[]}"}
